Component: ARM Compiler 5.06 update 6 (build 750) Tool: armlink [4d35ed]

==============================================================================

Section Cross References

    main.o(.text) refers to bsp.o(.text) for BSP_Init
    main.o(.text) refers to os_core.o(.text) for OSInit
    main.o(.text) refers to os_task.o(.text) for OSTaskCreate
    main.o(.text) refers to systick.o(.text) for SysTick_Init
    main.o(.text) refers to main.o(.bss) for StartUp_Stk
    main.o(.text) refers to app.o(.text) for Task_Start
    stm32f10x_it.o(.text) refers to os_core.o(.text) for OSIntEnter
    stm32f10x_it.o(.text) refers to usb_istr.o(.text) for USB_Istr
    stm32f10x_it.o(.text) refers to stm32f10x_exti.o(.text) for EXTI_GetITStatus
    stm32f10x_it.o(.text) refers to cpu_a.o(.text) for CPU_SR_Save
    stm32f10x_it.o(.text) refers to ds3231.o(.text) for DS3231_ReadTime
    stm32f10x_it.o(.text) refers to display.o(.text) for displayTime
    stm32f10x_it.o(.text) refers to sht2x.o(.text) for SHT2x_GetTempPoll
    stm32f10x_it.o(.text) refers to os_time.o(.text) for OSTimeTick
    stm32f10x_it.o(.text) refers to os_var.o(.data) for OSSchedLockNestingCtr
    stm32f10x_it.o(.text) refers to ds3231.o(.data) for GetTime
    stm32f10x_it.o(.text) refers to sht2x.o(.data) for SHT20
    hw_config.o(.text) refers to stm32f10x_rcc.o(.text) for RCC_APB2PeriphClockCmd
    hw_config.o(.text) refers to stm32f10x_gpio.o(.text) for GPIO_Init
    hw_config.o(.text) refers to misc.o(.text) for NVIC_PriorityGroupConfig
    hw_config.o(.text) refers to usb_pwr.o(.data) for bDeviceState
    hw_config.o(.text) refers to usb_init.o(.bss) for Device_Info
    hw_config.o(.text) refers to usb_desc.o(.data) for Virtual_Com_Port_StringSerial
    usb_endp.o(.text) refers to memseta.o(.text) for __aeabi_memclr
    usb_endp.o(.text) refers to usb_regs.o(.text) for GetEPRxCount
    usb_endp.o(.text) refers to usb_mem.o(.text) for PMAToUserBufferCopy
    usb_endp.o(.text) refers to usb_endp.o(.bss) for buffer_out
    usb_endp.o(.text) refers to usb_endp.o(.data) for count_out
    usb_istr.o(.text) refers to usb_int.o(.text) for CTR_LP
    usb_istr.o(.text) refers to usb_istr.o(.data) for wIstr
    usb_istr.o(.text) refers to usb_init.o(.data) for wInterrupt_Mask
    usb_istr.o(.text) refers to usb_prop.o(.data) for Device_Property
    usb_istr.o(.data) refers to usb_endp.o(.text) for EP1_IN_Callback
    usb_istr.o(.data) refers to usb_core.o(.text) for NOP_Process
    usb_prop.o(.text) refers to hw_config.o(.text) for Get_SerialNum
    usb_prop.o(.text) refers to usb_pwr.o(.text) for PowerOn
    usb_prop.o(.text) refers to usb_regs.o(.text) for SetBTABLE
    usb_prop.o(.text) refers to usb_core.o(.text) for SetDeviceAddress
    usb_prop.o(.text) refers to usb_init.o(.data) for pInformation
    usb_prop.o(.text) refers to usb_pwr.o(.data) for bDeviceState
    usb_prop.o(.text) refers to usb_desc.o(.constdata) for Virtual_Com_Port_ConfigDescriptor
    usb_prop.o(.text) refers to usb_prop.o(.data) for Device_Property
    usb_prop.o(.text) refers to usb_init.o(.bss) for Device_Info
    usb_prop.o(.data) refers to usb_prop.o(.text) for Virtual_Com_Port_init
    usb_prop.o(.data) refers to usb_core.o(.text) for NOP_Process
    usb_prop.o(.data) refers to usb_desc.o(.constdata) for Virtual_Com_Port_DeviceDescriptor
    usb_prop.o(.data) refers to usb_desc.o(.data) for Virtual_Com_Port_StringSerial
    usb_pwr.o(.text) refers to hw_config.o(.text) for USB_Cable_Config
    usb_pwr.o(.text) refers to usb_init.o(.data) for wInterrupt_Mask
    usb_pwr.o(.text) refers to usb_pwr.o(.data) for ResumeS
    app.o(.text) refers to stm32f10x_gpio.o(.text) for GPIO_ResetBits
    app.o(.text) refers to os_time.o(.text) for OSTimeDlyHMSM
    app.o(.text) refers to os_task.o(.text) for OSTaskCreate
    app.o(.text) refers to display.o(.text) for displayALL
    app.o(.text) refers to ds3231.o(.text) for DS3231_ReadTime
    app.o(.text) refers to sht2x.o(.text) for SHT2x_GetTempPoll
    app.o(.text) refers to app.o(.bss) for LED1_Stk
    app.o(.text) refers to ds3231.o(.data) for GetTime
    app.o(.text) refers to sht2x.o(.data) for SHT20
    app.o(.text) refers to main.o(.bss) for StartUp_TCB
    display.o(.text) refers to 74hc595.o(.text) for HC595_WriteBytes
    display.o(.text) refers to cfrcmple.o(.text) for __aeabi_cfrcmple
    display.o(.text) refers to ffixi.o(.text) for __aeabi_f2iz
    display.o(.text) refers to fflti.o(.text) for __aeabi_i2f
    display.o(.text) refers to fadd.o(.text) for __aeabi_frsub
    display.o(.text) refers to f2d.o(.text) for __aeabi_f2d
    display.o(.text) refers to dmul.o(.text) for __aeabi_dmul
    display.o(.text) refers to dfixi.o(.text) for __aeabi_d2iz
    display.o(.text) refers to display.o(.data) for dotFlag
    display.o(.text) refers to ds3231.o(.data) for GetTime
    display.o(.text) refers to sht2x.o(.data) for SHT20
    bsp.o(.text) refers to misc.o(.text) for NVIC_PriorityGroupConfig
[...]
    TAMPER_IRQHandler                        0x080028d3   Thumb Code     0  startup_stm32f10x_hd.o(.text)
    TIM1_BRK_IRQHandler                      0x080028d3   Thumb Code     0  startup_stm32f10x_hd.o(.text)
    TIM1_CC_IRQHandler                       0x080028d3   Thumb Code     0  startup_stm32f10x_hd.o(.text)
    TIM1_TRG_COM_IRQHandler                  0x080028d3   Thumb Code     0  startup_stm32f10x_hd.o(.text)
    TIM1_UP_IRQHandler                       0x080028d3   Thumb Code     0  startup_stm32f10x_hd.o(.text)
    TIM2_IRQHandler                          0x080028d3   Thumb Code     0  startup_stm32f10x_hd.o(.text)
    TIM3_IRQHandler                          0x080028d3   Thumb Code     0  startup_stm32f10x_hd.o(.text)
    TIM4_IRQHandler                          0x080028d3   Thumb Code     0  startup_stm32f10x_hd.o(.text)
    TIM5_IRQHandler                          0x080028d3   Thumb Code     0  startup_stm32f10x_hd.o(.text)
    TIM6_IRQHandler                          0x080028d3   Thumb Code     0  startup_stm32f10x_hd.o(.text)
    TIM7_IRQHandler                          0x080028d3   Thumb Code     0  startup_stm32f10x_hd.o(.text)
    TIM8_BRK_IRQHandler                      0x080028d3   Thumb Code     0  startup_stm32f10x_hd.o(.text)
    TIM8_CC_IRQHandler                       0x080028d3   Thumb Code     0  startup_stm32f10x_hd.o(.text)
    TIM8_TRG_COM_IRQHandler                  0x080028d3   Thumb Code     0  startup_stm32f10x_hd.o(.text)
    TIM8_UP_IRQHandler                       0x080028d3   Thumb Code     0  startup_stm32f10x_hd.o(.text)
    UART4_IRQHandler                         0x080028d3   Thumb Code     0  startup_stm32f10x_hd.o(.text)
    UART5_IRQHandler                         0x080028d3   Thumb Code     0  startup_stm32f10x_hd.o(.text)
    USART3_IRQHandler                        0x080028d3   Thumb Code     0  startup_stm32f10x_hd.o(.text)
    USBWakeUp_IRQHandler                     0x080028d3   Thumb Code     0  startup_stm32f10x_hd.o(.text)
    USB_HP_CAN1_TX_IRQHandler                0x080028d3   Thumb Code     0  startup_stm32f10x_hd.o(.text)
    WWDG_IRQHandler                          0x080028d3   Thumb Code     0  startup_stm32f10x_hd.o(.text)
    NVIC_PriorityGroupConfig                 0x080028dd   Thumb Code    10  misc.o(.text)
    NVIC_Init                                0x080028e7   Thumb Code   100  misc.o(.text)
    NVIC_SetVectorTable                      0x0800294b   Thumb Code    14  misc.o(.text)
    NVIC_SystemLPConfig                      0x08002959   Thumb Code    34  misc.o(.text)
    SysTick_CLKSourceConfig                  0x0800297b   Thumb Code    40  misc.o(.text)
    EXTI_DeInit                              0x080029b9   Thumb Code    28  stm32f10x_exti.o(.text)
    EXTI_Init                                0x080029d5   Thumb Code   142  stm32f10x_exti.o(.text)
    EXTI_StructInit                          0x08002a63   Thumb Code    16  stm32f10x_exti.o(.text)
    EXTI_GenerateSWInterrupt                 0x08002a73   Thumb Code    16  stm32f10x_exti.o(.text)
    EXTI_GetFlagStatus                       0x08002a83   Thumb Code    22  stm32f10x_exti.o(.text)
    EXTI_ClearFlag                           0x08002a99   Thumb Code     8  stm32f10x_exti.o(.text)
    EXTI_GetITStatus                         0x08002aa1   Thumb Code    34  stm32f10x_exti.o(.text)
    EXTI_ClearITPendingBit                   0x08002ac3   Thumb Code     8  stm32f10x_exti.o(.text)
    FLASH_SetLatency                         0x08002ad5   Thumb Code    18  stm32f10x_flash.o(.text)
    FLASH_HalfCycleAccessCmd                 0x08002ae7   Thumb Code    22  stm32f10x_flash.o(.text)
    FLASH_PrefetchBufferCmd                  0x08002afd   Thumb Code    22  stm32f10x_flash.o(.text)
    FLASH_Unlock                             0x08002b13   Thumb Code    12  stm32f10x_flash.o(.text)
    FLASH_UnlockBank1                        0x08002b1f   Thumb Code    12  stm32f10x_flash.o(.text)
    FLASH_Lock                               0x08002b2b   Thumb Code    14  stm32f10x_flash.o(.text)
    FLASH_LockBank1                          0x08002b39   Thumb Code    14  stm32f10x_flash.o(.text)
    FLASH_GetBank1Status                     0x08002b47   Thumb Code    48  stm32f10x_flash.o(.text)
    FLASH_WaitForLastOperation               0x08002b77   Thumb Code    38  stm32f10x_flash.o(.text)
    FLASH_ErasePage                          0x08002b9d   Thumb Code    72  stm32f10x_flash.o(.text)
    FLASH_EraseAllPages                      0x08002be5   Thumb Code    68  stm32f10x_flash.o(.text)
    FLASH_WaitForLastBank1Operation          0x08002c29   Thumb Code    38  stm32f10x_flash.o(.text)
    FLASH_EraseAllBank1Pages                 0x08002c4f   Thumb Code    68  stm32f10x_flash.o(.text)
    FLASH_GetReadOutProtectionStatus         0x08002c93   Thumb Code    20  stm32f10x_flash.o(.text)
    FLASH_EraseOptionBytes                   0x08002ca7   Thumb Code   150  stm32f10x_flash.o(.text)
    FLASH_ProgramWord                        0x08002d3d   Thumb Code   102  stm32f10x_flash.o(.text)
    FLASH_ProgramHalfWord                    0x08002da3   Thumb Code    60  stm32f10x_flash.o(.text)
    FLASH_ProgramOptionByteData              0x08002ddf   Thumb Code    72  stm32f10x_flash.o(.text)
    FLASH_EnableWriteProtection              0x08002e27   Thumb Code   200  stm32f10x_flash.o(.text)
    FLASH_ReadOutProtection                  0x08002eef   Thumb Code   156  stm32f10x_flash.o(.text)
    FLASH_UserOptionByteConfig               0x08002f8b   Thumb Code    88  stm32f10x_flash.o(.text)
    FLASH_GetUserOptionByte                  0x08002fe3   Thumb Code     8  stm32f10x_flash.o(.text)
    FLASH_GetWriteProtectionOptionByte       0x08002feb   Thumb Code     6  stm32f10x_flash.o(.text)
    FLASH_GetPrefetchBufferStatus            0x08002ff1   Thumb Code    20  stm32f10x_flash.o(.text)
    FLASH_ITConfig                           0x08003005   Thumb Code    26  stm32f10x_flash.o(.text)
    FLASH_GetFlagStatus                      0x0800301f   Thumb Code    42  stm32f10x_flash.o(.text)
    FLASH_ClearFlag                          0x08003049   Thumb Code     6  stm32f10x_flash.o(.text)
    FLASH_GetStatus                          0x0800304f   Thumb Code    48  stm32f10x_flash.o(.text)
    GPIO_DeInit                              0x08003091   Thumb Code   172  stm32f10x_gpio.o(.text)
    GPIO_AFIODeInit                          0x0800313d   Thumb Code    20  stm32f10x_gpio.o(.text)
    GPIO_Init                                0x08003151   Thumb Code   278  stm32f10x_gpio.o(.text)
    GPIO_StructInit                          0x08003267   Thumb Code    16  stm32f10x_gpio.o(.text)
    GPIO_ReadInputDataBit                    0x08003277   Thumb Code    18  stm32f10x_gpio.o(.text)
    GPIO_ReadInputData                       0x08003289   Thumb Code     8  stm32f10x_gpio.o(.text)
    GPIO_ReadOutputDataBit                   0x08003291   Thumb Code    18  stm32f10x_gpio.o(.text)
    GPIO_ReadOutputData                      0x080032a3   Thumb Code     8  stm32f10x_gpio.o(.text)
    GPIO_SetBits                             0x080032ab   Thumb Code     4  stm32f10x_gpio.o(.text)
    GPIO_ResetBits                           0x080032af   Thumb Code     4  stm32f10x_gpio.o(.text)
    GPIO_WriteBit                            0x080032b3   Thumb Code    10  stm32f10x_gpio.o(.text)
    GPIO_Write                               0x080032bd   Thumb Code     4  stm32f10x_gpio.o(.text)
    GPIO_PinLockConfig                       0x080032c1   Thumb Code    18  stm32f10x_gpio.o(.text)
    GPIO_EventOutputConfig                   0x080032d3   Thumb Code    26  stm32f10x_gpio.o(.text)
    GPIO_EventOutputCmd                      0x080032ed   Thumb Code     6  stm32f10x_gpio.o(.text)
    GPIO_PinRemapConfig                      0x080032f3   Thumb Code   138  stm32f10x_gpio.o(.text)
    GPIO_EXTILineConfig                      0x0800337d   Thumb Code    66  stm32f10x_gpio.o(.text)
    GPIO_ETH_MediaInterfaceConfig            0x080033bf   Thumb Code     8  stm32f10x_gpio.o(.text)
    RCC_DeInit                               0x080033ed   Thumb Code    64  stm32f10x_rcc.o(.text)
    RCC_HSEConfig                            0x0800342d   Thumb Code    70  stm32f10x_rcc.o(.text)
    RCC_GetFlagStatus                        0x08003473   Thumb Code    56  stm32f10x_rcc.o(.text)
    RCC_WaitForHSEStartUp                    0x080034ab   Thumb Code    56  stm32f10x_rcc.o(.text)
    RCC_AdjustHSICalibrationValue            0x080034e3   Thumb Code    20  stm32f10x_rcc.o(.text)
    RCC_HSICmd                               0x080034f7   Thumb Code     6  stm32f10x_rcc.o(.text)
    RCC_PLLConfig                            0x080034fd   Thumb Code    24  stm32f10x_rcc.o(.text)
    RCC_PLLCmd                               0x08003515   Thumb Code     6  stm32f10x_rcc.o(.text)
    RCC_SYSCLKConfig                         0x0800351b   Thumb Code    18  stm32f10x_rcc.o(.text)
    RCC_GetSYSCLKSource                      0x0800352d   Thumb Code    10  stm32f10x_rcc.o(.text)
    RCC_HCLKConfig                           0x08003537   Thumb Code    18  stm32f10x_rcc.o(.text)
    RCC_PCLK1Config                          0x08003549   Thumb Code    18  stm32f10x_rcc.o(.text)
    RCC_PCLK2Config                          0x0800355b   Thumb Code    20  stm32f10x_rcc.o(.text)
    RCC_ITConfig                             0x0800356f   Thumb Code    26  stm32f10x_rcc.o(.text)
    RCC_USBCLKConfig                         0x08003589   Thumb Code     8  stm32f10x_rcc.o(.text)
    RCC_ADCCLKConfig                         0x08003591   Thumb Code    18  stm32f10x_rcc.o(.text)
    RCC_LSEConfig                            0x080035a3   Thumb Code    50  stm32f10x_rcc.o(.text)
    RCC_LSICmd                               0x080035d5   Thumb Code     6  stm32f10x_rcc.o(.text)
    RCC_RTCCLKConfig                         0x080035db   Thumb Code    12  stm32f10x_rcc.o(.text)
    RCC_RTCCLKCmd                            0x080035e7   Thumb Code     8  stm32f10x_rcc.o(.text)
    RCC_GetClocksFreq                        0x080035ef   Thumb Code   192  stm32f10x_rcc.o(.text)
    RCC_AHBPeriphClockCmd                    0x080036af   Thumb Code    26  stm32f10x_rcc.o(.text)
    RCC_APB2PeriphClockCmd                   0x080036c9   Thumb Code    26  stm32f10x_rcc.o(.text)
    RCC_APB1PeriphClockCmd                   0x080036e3   Thumb Code    26  stm32f10x_rcc.o(.text)
    RCC_APB2PeriphResetCmd                   0x080036fd   Thumb Code    26  stm32f10x_rcc.o(.text)
    RCC_APB1PeriphResetCmd                   0x08003717   Thumb Code    26  stm32f10x_rcc.o(.text)
    RCC_BackupResetCmd                       0x08003731   Thumb Code     8  stm32f10x_rcc.o(.text)
    RCC_ClockSecuritySystemCmd               0x08003739   Thumb Code     6  stm32f10x_rcc.o(.text)
    RCC_MCOConfig                            0x0800373f   Thumb Code     6  stm32f10x_rcc.o(.text)
    RCC_ClearFlag                            0x08003745   Thumb Code    14  stm32f10x_rcc.o(.text)
    RCC_GetITStatus                          0x08003753   Thumb Code    20  stm32f10x_rcc.o(.text)
    RCC_ClearITPendingBit                    0x08003767   Thumb Code     6  stm32f10x_rcc.o(.text)
    TIM_DeInit                               0x08003791   Thumb Code   424  stm32f10x_tim.o(.text)
    TIM_TimeBaseInit                         0x08003939   Thumb Code   122  stm32f10x_tim.o(.text)
    TIM_OC1Init                              0x080039b3   Thumb Code   132  stm32f10x_tim.o(.text)
    TIM_OC2Init                              0x08003a37   Thumb Code   154  stm32f10x_tim.o(.text)
    TIM_OC3Init                              0x08003ad1   Thumb Code   150  stm32f10x_tim.o(.text)
    TIM_OC4Init                              0x08003b67   Thumb Code   182  stm32f10x_tim.o(.text)
    TIM_SetIC4Prescaler                      0x08003c1d   Thumb Code    26  stm32f10x_tim.o(.text)
    TIM_SetIC3Prescaler                      0x08003cb9   Thumb Code    18  stm32f10x_tim.o(.text)
    TIM_SetIC2Prescaler                      0x08003d45   Thumb Code    26  stm32f10x_tim.o(.text)
    TIM_SetIC1Prescaler                      0x08003de1   Thumb Code    18  stm32f10x_tim.o(.text)
    TIM_ICInit                               0x08003e5f   Thumb Code   150  stm32f10x_tim.o(.text)
    TIM_PWMIConfig                           0x08003ef5   Thumb Code   124  stm32f10x_tim.o(.text)
    TIM_BDTRConfig                           0x08003f71   Thumb Code    32  stm32f10x_tim.o(.text)
    TIM_TimeBaseStructInit                   0x08003f91   Thumb Code    18  stm32f10x_tim.o(.text)
    TIM_OCStructInit                         0x08003fa3   Thumb Code    20  stm32f10x_tim.o(.text)
    TIM_ICStructInit                         0x08003fb7   Thumb Code    18  stm32f10x_tim.o(.text)
    TIM_BDTRStructInit                       0x08003fc9   Thumb Code    40  stm32f10x_tim.o(.text)
    TIM_Cmd                                  0x08003ff1   Thumb Code    24  stm32f10x_tim.o(.text)
    TIM_CtrlPWMOutputs                       0x08004009   Thumb Code    30  stm32f10x_tim.o(.text)
    TIM_ITConfig                             0x08004027   Thumb Code    18  stm32f10x_tim.o(.text)
    TIM_GenerateEvent                        0x08004039   Thumb Code     4  stm32f10x_tim.o(.text)
    TIM_DMAConfig                            0x0800403d   Thumb Code    10  stm32f10x_tim.o(.text)
    TIM_DMACmd                               0x08004047   Thumb Code    18  stm32f10x_tim.o(.text)
    TIM_InternalClockConfig                  0x08004059   Thumb Code    12  stm32f10x_tim.o(.text)
    TIM_SelectInputTrigger                   0x08004065   Thumb Code    18  stm32f10x_tim.o(.text)
    TIM_ITRxExternalClockConfig              0x08004077   Thumb Code    24  stm32f10x_tim.o(.text)
    TIM_TIxExternalClockConfig               0x0800408f   Thumb Code    62  stm32f10x_tim.o(.text)
    TIM_ETRConfig                            0x080040cd   Thumb Code    28  stm32f10x_tim.o(.text)
    TIM_ETRClockMode1Config                  0x080040e9   Thumb Code    54  stm32f10x_tim.o(.text)
    TIM_ETRClockMode2Config                  0x0800411f   Thumb Code    32  stm32f10x_tim.o(.text)
    TIM_PrescalerConfig                      0x0800413f   Thumb Code     6  stm32f10x_tim.o(.text)
    TIM_CounterModeConfig                    0x08004145   Thumb Code    18  stm32f10x_tim.o(.text)
    TIM_EncoderInterfaceConfig               0x08004157   Thumb Code    66  stm32f10x_tim.o(.text)
    TIM_ForcedOC1Config                      0x08004199   Thumb Code    18  stm32f10x_tim.o(.text)
    TIM_ForcedOC2Config                      0x080041ab   Thumb Code    26  stm32f10x_tim.o(.text)
    TIM_ForcedOC3Config                      0x080041c5   Thumb Code    18  stm32f10x_tim.o(.text)
    TIM_ForcedOC4Config                      0x080041d7   Thumb Code    26  stm32f10x_tim.o(.text)
    TIM_ARRPreloadConfig                     0x080041f1   Thumb Code    24  stm32f10x_tim.o(.text)
    TIM_SelectCOM                            0x08004209   Thumb Code    24  stm32f10x_tim.o(.text)
    TIM_SelectCCDMA                          0x08004221   Thumb Code    24  stm32f10x_tim.o(.text)
    TIM_CCPreloadControl                     0x08004239   Thumb Code    24  stm32f10x_tim.o(.text)
    TIM_OC1PreloadConfig                     0x08004251   Thumb Code    18  stm32f10x_tim.o(.text)
    TIM_OC2PreloadConfig                     0x08004263   Thumb Code    26  stm32f10x_tim.o(.text)
    TIM_OC3PreloadConfig                     0x0800427d   Thumb Code    18  stm32f10x_tim.o(.text)
    TIM_OC4PreloadConfig                     0x0800428f   Thumb Code    26  stm32f10x_tim.o(.text)
    TIM_OC1FastConfig                        0x080042a9   Thumb Code    18  stm32f10x_tim.o(.text)
    TIM_OC2FastConfig                        0x080042bb   Thumb Code    26  stm32f10x_tim.o(.text)
    TIM_OC3FastConfig                        0x080042d5   Thumb Code    18  stm32f10x_tim.o(.text)
    TIM_OC4FastConfig                        0x080042e7   Thumb Code    26  stm32f10x_tim.o(.text)
    TIM_ClearOC1Ref                          0x08004301   Thumb Code    18  stm32f10x_tim.o(.text)
    TIM_ClearOC2Ref                          0x08004313   Thumb Code    24  stm32f10x_tim.o(.text)
    TIM_ClearOC3Ref                          0x0800432b   Thumb Code    18  stm32f10x_tim.o(.text)
    TIM_ClearOC4Ref                          0x0800433d   Thumb Code    24  stm32f10x_tim.o(.text)
    TIM_OC1PolarityConfig                    0x08004355   Thumb Code    18  stm32f10x_tim.o(.text)
    TIM_OC1NPolarityConfig                   0x08004367   Thumb Code    18  stm32f10x_tim.o(.text)
    TIM_OC2PolarityConfig                    0x08004379   Thumb Code    26  stm32f10x_tim.o(.text)
    TIM_OC2NPolarityConfig                   0x08004393   Thumb Code    26  stm32f10x_tim.o(.text)
    TIM_OC3PolarityConfig                    0x080043ad   Thumb Code    26  stm32f10x_tim.o(.text)
    TIM_OC3NPolarityConfig                   0x080043c7   Thumb Code    26  stm32f10x_tim.o(.text)
    TIM_OC4PolarityConfig                    0x080043e1   Thumb Code    26  stm32f10x_tim.o(.text)
    TIM_CCxCmd                               0x080043fb   Thumb Code    30  stm32f10x_tim.o(.text)
    TIM_CCxNCmd                              0x08004419   Thumb Code    30  stm32f10x_tim.o(.text)
    TIM_SelectOCxM                           0x08004437   Thumb Code    82  stm32f10x_tim.o(.text)
    TIM_UpdateDisableConfig                  0x08004489   Thumb Code    24  stm32f10x_tim.o(.text)
    TIM_UpdateRequestConfig                  0x080044a1   Thumb Code    24  stm32f10x_tim.o(.text)
    TIM_SelectHallSensor                     0x080044b9   Thumb Code    24  stm32f10x_tim.o(.text)
    TIM_SelectOnePulseMode                   0x080044d1   Thumb Code    18  stm32f10x_tim.o(.text)
    TIM_SelectOutputTrigger                  0x080044e3   Thumb Code    18  stm32f10x_tim.o(.text)
    TIM_SelectSlaveMode                      0x080044f5   Thumb Code    18  stm32f10x_tim.o(.text)
    TIM_SelectMasterSlaveMode                0x08004507   Thumb Code    18  stm32f10x_tim.o(.text)
    TIM_SetCounter                           0x08004519   Thumb Code     4  stm32f10x_tim.o(.text)
    TIM_SetAutoreload                        0x0800451d   Thumb Code     4  stm32f10x_tim.o(.text)
    TIM_SetCompare1                          0x08004521   Thumb Code     4  stm32f10x_tim.o(.text)
    TIM_SetCompare2                          0x08004525   Thumb Code     4  stm32f10x_tim.o(.text)
    TIM_SetCompare3                          0x08004529   Thumb Code     4  stm32f10x_tim.o(.text)
    TIM_SetCompare4                          0x0800452d   Thumb Code     6  stm32f10x_tim.o(.text)
    TIM_SetClockDivision                     0x08004533   Thumb Code    18  stm32f10x_tim.o(.text)
    TIM_GetCapture1                          0x08004545   Thumb Code     6  stm32f10x_tim.o(.text)
    TIM_GetCapture2                          0x0800454b   Thumb Code     6  stm32f10x_tim.o(.text)
    TIM_GetCapture3                          0x08004551   Thumb Code     6  stm32f10x_tim.o(.text)
    TIM_GetCapture4                          0x08004557   Thumb Code     8  stm32f10x_tim.o(.text)
    TIM_GetCounter                           0x0800455f   Thumb Code     6  stm32f10x_tim.o(.text)
    TIM_GetPrescaler                         0x08004565   Thumb Code     6  stm32f10x_tim.o(.text)
    TIM_GetFlagStatus                        0x0800456b   Thumb Code    18  stm32f10x_tim.o(.text)
    TIM_ClearFlag                            0x0800457d   Thumb Code     6  stm32f10x_tim.o(.text)
    TIM_GetITStatus                          0x08004583   Thumb Code    34  stm32f10x_tim.o(.text)
    TIM_ClearITPendingBit                    0x080045a5   Thumb Code     6  stm32f10x_tim.o(.text)
    USART_DeInit                             0x080045ad   Thumb Code   134  stm32f10x_usart.o(.text)
    USART_Init                               0x08004633   Thumb Code   210  stm32f10x_usart.o(.text)
    USART_StructInit                         0x08004705   Thumb Code    24  stm32f10x_usart.o(.text)
    USART_ClockInit                          0x0800471d   Thumb Code    34  stm32f10x_usart.o(.text)
    USART_ClockStructInit                    0x0800473f   Thumb Code    12  stm32f10x_usart.o(.text)
    USART_Cmd                                0x0800474b   Thumb Code    24  stm32f10x_usart.o(.text)
    USART_ITConfig                           0x08004763   Thumb Code    74  stm32f10x_usart.o(.text)
    USART_DMACmd                             0x080047ad   Thumb Code    18  stm32f10x_usart.o(.text)
    USART_SetAddress                         0x080047bf   Thumb Code    18  stm32f10x_usart.o(.text)
    USART_WakeUpConfig                       0x080047d1   Thumb Code    18  stm32f10x_usart.o(.text)
    USART_ReceiverWakeUpCmd                  0x080047e3   Thumb Code    24  stm32f10x_usart.o(.text)
    USART_LINBreakDetectLengthConfig         0x080047fb   Thumb Code    18  stm32f10x_usart.o(.text)
    USART_LINCmd                             0x0800480d   Thumb Code    24  stm32f10x_usart.o(.text)
    USART_SendData                           0x08004825   Thumb Code     8  stm32f10x_usart.o(.text)
    USART_ReceiveData                        0x0800482d   Thumb Code    10  stm32f10x_usart.o(.text)
    USART_SendBreak                          0x08004837   Thumb Code    10  stm32f10x_usart.o(.text)
    USART_SetGuardTime                       0x08004841   Thumb Code    16  stm32f10x_usart.o(.text)
    USART_SetPrescaler                       0x08004851   Thumb Code    16  stm32f10x_usart.o(.text)
    USART_SmartCardCmd                       0x08004861   Thumb Code    24  stm32f10x_usart.o(.text)
    USART_SmartCardNACKCmd                   0x08004879   Thumb Code    24  stm32f10x_usart.o(.text)
    USART_HalfDuplexCmd                      0x08004891   Thumb Code    24  stm32f10x_usart.o(.text)
    USART_OverSampling8Cmd                   0x080048a9   Thumb Code    22  stm32f10x_usart.o(.text)
    USART_OneBitMethodCmd                    0x080048bf   Thumb Code    24  stm32f10x_usart.o(.text)
    USART_IrDAConfig                         0x080048d7   Thumb Code    18  stm32f10x_usart.o(.text)
    USART_IrDACmd                            0x080048e9   Thumb Code    24  stm32f10x_usart.o(.text)
    USART_GetFlagStatus                      0x08004901   Thumb Code    26  stm32f10x_usart.o(.text)
    USART_ClearFlag                          0x0800491b   Thumb Code    18  stm32f10x_usart.o(.text)
    USART_GetITStatus                        0x0800492d   Thumb Code    84  stm32f10x_usart.o(.text)
    USART_ClearITPendingBit                  0x08004981   Thumb Code    52  stm32f10x_usart.o(.text)
    SystemInit                               0x08004a93   Thumb Code    78  system_stm32f10x.o(.text)
    SystemCoreClockUpdate                    0x08004ae1   Thumb Code   142  system_stm32f10x.o(.text)
    OSCfg_Init                               0x08004b95   Thumb Code    64  os_cfg_app.o(.text)
    OS_IdleTask                              0x08004c4d   Thumb Code    60  os_core.o(.text)
    OS_IdleTaskInit                          0x08004c89   Thumb Code    68  os_core.o(.text)
    OS_RdyListInit                           0x08004ccd   Thumb Code    32  os_core.o(.text)
    OSInit                                   0x08004ced   Thumb Code   162  os_core.o(.text)
    OSIntEnter                               0x08004d8f   Thumb Code    34  os_core.o(.text)
    OSIntExit                                0x08004db1   Thumb Code   174  os_core.o(.text)
    OSSched                                  0x08004e5f   Thumb Code   116  os_core.o(.text)
    OSSchedLock                              0x08004ed3   Thumb Code   100  os_core.o(.text)
    OSSchedUnlock                            0x08004f37   Thumb Code   132  os_core.o(.text)
    OSSchedRoundRobinCfg                     0x08004fbb   Thumb Code    88  os_core.o(.text)
    OS_RdyListMoveHeadToTail                 0x08005013   Thumb Code   170  os_core.o(.text)
    OSSchedRoundRobinYield                   0x080050bd   Thumb Code   164  os_core.o(.text)
    OSStart                                  0x08005161   Thumb Code    78  os_core.o(.text)
    OSVersion                                0x080051af   Thumb Code    12  os_core.o(.text)
    OS_PendDbgNameAdd                        0x080051bb   Thumb Code    58  os_core.o(.text)
    OS_PendListInsertPrio                    0x080051f5   Thumb Code   102  os_core.o(.text)
    OS_PendDataInit                          0x0800525b   Thumb Code    38  os_core.o(.text)
    OS_RdyListRemove                         0x08005281   Thumb Code    86  os_core.o(.text)
    OS_TaskBlock                             0x080052d7   Thumb Code    56  os_core.o(.text)
    OS_Pend                                  0x0800530f   Thumb Code    98  os_core.o(.text)
    OS_PendListRemove1                       0x08005371   Thumb Code    66  os_core.o(.text)
    OS_PendListRemove                        0x080053b3   Thumb Code    48  os_core.o(.text)
    OS_PendAbort1                            0x080053e3   Thumb Code    36  os_core.o(.text)
    OS_RdyListInsertHead                     0x08005407   Thumb Code    58  os_core.o(.text)
    OS_RdyListInsertTail                     0x08005441   Thumb Code    56  os_core.o(.text)
    OS_RdyListInsert                         0x08005479   Thumb Code   104  os_core.o(.text)
    OS_TaskRdy                               0x080054e1   Thumb Code    28  os_core.o(.text)
    OS_PendAbort                             0x080054fd   Thumb Code   150  os_core.o(.text)
    OS_PendDbgNameRemove                     0x08005593   Thumb Code    32  os_core.o(.text)
    OS_PendListChangePrio                    0x080055b3   Thumb Code    70  os_core.o(.text)
    OS_PendListInit                          0x080055f9   Thumb Code    10  os_core.o(.text)
    OS_PendListInsertHead                    0x08005603   Thumb Code    32  os_core.o(.text)
    OS_PendObjDel1                           0x08005623   Thumb Code    36  os_core.o(.text)
    OS_PendObjDel                            0x08005647   Thumb Code   146  os_core.o(.text)
    OS_Post1                                 0x080056d9   Thumb Code    42  os_core.o(.text)
    OS_Post                                  0x08005703   Thumb Code   180  os_core.o(.text)
    OS_Sched0                                0x080057b7   Thumb Code    56  os_core.o(.text)
    OS_SchedRoundRobin                       0x080057ef   Thumb Code   190  os_core.o(.text)
    OS_Dbg_Init                              0x080058d1   Thumb Code   102  os_dbg.o(.text)
    OS_IntQPost                              0x080059fd   Thumb Code   210  os_int.o(.text)
    OS_IntQRePost                            0x08005acf   Thumb Code   200  os_int.o(.text)
    OS_IntQTask                              0x08005b97   Thumb Code   130  os_int.o(.text)
    OS_IntQTaskInit                          0x08005c19   Thumb Code   208  os_int.o(.text)
    OS_MemDbgListAdd                         0x08005d65   Thumb Code    34  os_mem.o(.text)
    OSMemCreate                              0x08005d87   Thumb Code   334  os_mem.o(.text)
    OSMemGet                                 0x08005ed5   Thumb Code   100  os_mem.o(.text)
    OSMemPut                                 0x08005f39   Thumb Code   112  os_mem.o(.text)
    OS_MemInit                               0x08005fa9   Thumb Code    14  os_mem.o(.text)
    OS_PrioInit                              0x08005fd1   Thumb Code    20  os_prio.o(.text)
    OS_PrioGetHighest                        0x08005fe5   Thumb Code    36  os_prio.o(.text)
    OS_PrioInsert                            0x08006009   Thumb Code    32  os_prio.o(.text)
    OS_PrioRemove                            0x08006029   Thumb Code    32  os_prio.o(.text)
    OSStatReset                              0x0800604d   Thumb Code    74  os_stat.o(.text)
    OSStatTaskCPUUsageInit                   0x08006097   Thumb Code   168  os_stat.o(.text)
    OS_StatTask                              0x0800613f   Thumb Code   256  os_stat.o(.text)
    OS_StatTaskInit                          0x0800623f   Thumb Code   138  os_stat.o(.text)
    OS_TaskDbgListAdd                        0x08006329   Thumb Code    34  os_task.o(.text)
    OS_TaskInitTCB                           0x0800634b   Thumb Code   116  os_task.o(.text)
    OSTaskCreate                             0x080063bf   Thumb Code   556  os_task.o(.text)
    OS_TaskDbgListRemove                     0x080065eb   Thumb Code    44  os_task.o(.text)
    OSTaskDel                                0x08006617   Thumb Code   476  os_task.o(.text)
    OSTaskRegGet                             0x080067f3   Thumb Code    78  os_task.o(.text)
    OSTaskRegSet                             0x08006841   Thumb Code    78  os_task.o(.text)
    OSTaskResume                             0x0800688f   Thumb Code   362  os_task.o(.text)
    OSTaskSemPend                            0x080069f9   Thumb Code   380  os_task.o(.text)
    OS_TaskSemPost                           0x08006b75   Thumb Code   868  os_task.o(.text)
    OSTaskSemPost                            0x08006ed9   Thumb Code    68  os_task.o(.text)
    OSTaskSemSet                             0x08006f1d   Thumb Code    80  os_task.o(.text)
    OSTaskStkChk                             0x08006f6d   Thumb Code   226  os_task.o(.text)
    OSTaskSuspend                            0x0800704f   Thumb Code   372  os_task.o(.text)
    OSTaskTimeQuantaSet                      0x080071c3   Thumb Code    96  os_task.o(.text)
    OS_TaskInit                              0x08007223   Thumb Code    18  os_task.o(.text)
    OS_TaskReturn                            0x08007235   Thumb Code    20  os_task.o(.text)
    OS_TickListRemove                        0x0800726d   Thumb Code    56  os_tick.o(.text)
    OS_TickListUpdate                        0x080072a5   Thumb Code   452  os_tick.o(.text)
    OS_TickTask                              0x08007469   Thumb Code    38  os_tick.o(.text)
    OS_TickListInit                          0x0800748f   Thumb Code    32  os_tick.o(.text)
    OS_TickTaskInit                          0x080074af   Thumb Code    94  os_tick.o(.text)
    OS_TickListInsert                        0x0800750d   Thumb Code   500  os_tick.o(.text)
    OS_TickListResetPeak                     0x08007701   Thumb Code    28  os_tick.o(.text)
    OSTimeDly                                0x08007725   Thumb Code   266  os_time.o(.text)
    OSTimeDlyHMSM                            0x0800782f   Thumb Code   480  os_time.o(.text)
    OSTimeDlyResume                          0x08007a0f   Thumb Code   436  os_time.o(.text)
    OSTimeGet                                0x08007bc3   Thumb Code    46  os_time.o(.text)
    OSTimeSet                                0x08007bf1   Thumb Code    46  os_time.o(.text)
    OSTimeTick                               0x08007c1f   Thumb Code    50  os_time.o(.text)
    OSStartHighRdy                           0x08007c65   Thumb Code     0  os_cpu_a.o(.text)
    OS_CPU_PendSVHandler                     0x08007c87   Thumb Code     0  os_cpu_a.o(.text)
    OSIdleTaskHook                           0x08007ce9   Thumb Code     2  os_cpu_c.o(.text)
    OSInitHook                               0x08007ceb   Thumb Code    20  os_cpu_c.o(.text)
    OSStatTaskHook                           0x08007cff   Thumb Code     2  os_cpu_c.o(.text)
    OSTaskCreateHook                         0x08007d01   Thumb Code     2  os_cpu_c.o(.text)
    OSTaskDelHook                            0x08007d03   Thumb Code     2  os_cpu_c.o(.text)
    OSTaskReturnHook                         0x08007d05   Thumb Code     2  os_cpu_c.o(.text)
    OSTaskStkInit                            0x08007d07   Thumb Code   188  os_cpu_c.o(.text)
    OSTaskSwHook                             0x08007dc3   Thumb Code     2  os_cpu_c.o(.text)
    OSTimeTickHook                           0x08007dc5   Thumb Code     2  os_cpu_c.o(.text)
    CPU_IntDis                               0x08007dd9   Thumb Code     0  cpu_a.o(.text)
    CPU_IntEn                                0x08007ddd   Thumb Code     0  cpu_a.o(.text)
    CPU_SR_Save                              0x08007de1   Thumb Code     0  cpu_a.o(.text)
    CPU_SR_Restore                           0x08007de9   Thumb Code     0  cpu_a.o(.text)
    CPU_CntLeadZeros                         0x08007def   Thumb Code     0  cpu_a.o(.text)
    CPU_RevBits                              0x08007df5   Thumb Code     0  cpu_a.o(.text)
    CPU_WaitForInt                           0x08007dfb   Thumb Code     0  cpu_a.o(.text)
    CPU_WaitForExcept                        0x08007dff   Thumb Code     0  cpu_a.o(.text)
    Standard_GetConfiguration                0x08007e05   Thumb Code    34  usb_core.o(.text)
    Standard_SetConfiguration                0x08007e27   Thumb Code    60  usb_core.o(.text)
    Standard_GetInterface                    0x08007e63   Thumb Code    34  usb_core.o(.text)
    Standard_SetInterface                    0x08007e85   Thumb Code    96  usb_core.o(.text)
    Standard_GetStatus                       0x08007ee5   Thumb Code   224  usb_core.o(.text)
    Standard_ClearFeature                    0x08007fc5   Thumb Code   326  usb_core.o(.text)
    Standard_SetEndPointFeature              0x0800810b   Thumb Code   176  usb_core.o(.text)
    Standard_SetDeviceFeature                0x080081bb   Thumb Code    30  usb_core.o(.text)
    Standard_GetDescriptorData               0x080081d9   Thumb Code    62  usb_core.o(.text)
    Post0_Process                            0x08008735   Thumb Code    54  usb_core.o(.text)
    Setup0_Process                           0x0800876b   Thumb Code   162  usb_core.o(.text)
    SetDeviceAddress                         0x0800880d   Thumb Code    64  usb_core.o(.text)
    In0_Process                              0x0800884d   Thumb Code    98  usb_core.o(.text)
    Out0_Process                             0x080088af   Thumb Code    70  usb_core.o(.text)
    NOP_Process                              0x080088f5   Thumb Code     2  usb_core.o(.text)
    USB_Init                                 0x08008925   Thumb Code    36  usb_init.o(.text)
    CTR_LP                                   0x08008961   Thumb Code   774  usb_int.o(.text)
    CTR_HP                                   0x08008c67   Thumb Code   174  usb_int.o(.text)
    UserToPMABufferCopy                      0x08008d35   Thumb Code    52  usb_mem.o(.text)
    PMAToUserBufferCopy                      0x08008d69   Thumb Code    34  usb_mem.o(.text)
    SetCNTR                                  0x08008d91   Thumb Code     6  usb_regs.o(.text)
    GetCNTR                                  0x08008d97   Thumb Code     8  usb_regs.o(.text)
    SetISTR                                  0x08008d9f   Thumb Code     8  usb_regs.o(.text)
    GetISTR                                  0x08008da7   Thumb Code    10  usb_regs.o(.text)
    GetFNR                                   0x08008db1   Thumb Code    10  usb_regs.o(.text)
    SetDADDR                                 0x08008dbb   Thumb Code     8  usb_regs.o(.text)
    GetDADDR                                 0x08008dc3   Thumb Code    10  usb_regs.o(.text)
    SetBTABLE                                0x08008dcd   Thumb Code    14  usb_regs.o(.text)
    GetBTABLE                                0x08008ddb   Thumb Code    10  usb_regs.o(.text)
    SetENDPOINT                              0x08008de5   Thumb Code    12  usb_regs.o(.text)
    GetENDPOINT                              0x08008df1   Thumb Code    16  usb_regs.o(.text)
    SetEPType                                0x08008e01   Thumb Code    32  usb_regs.o(.text)
    GetEPType                                0x08008e21   Thumb Code    18  usb_regs.o(.text)
    SetEPTxStatus                            0x08008e33   Thumb Code    52  usb_regs.o(.text)
    SetEPRxStatus                            0x08008e67   Thumb Code    52  usb_regs.o(.text)
    SetDouBleBuffEPStall                     0x08008e9b   Thumb Code    54  usb_regs.o(.text)
    GetEPTxStatus                            0x08008ed1   Thumb Code    18  usb_regs.o(.text)
    GetEPRxStatus                            0x08008ee3   Thumb Code    18  usb_regs.o(.text)
    SetEPTxValid                             0x08008ef5   Thumb Code    38  usb_regs.o(.text)
    SetEPRxValid                             0x08008f1b   Thumb Code    38  usb_regs.o(.text)
    SetEP_KIND                               0x08008f41   Thumb Code    32  usb_regs.o(.text)
    ClearEP_KIND                             0x08008f61   Thumb Code    28  usb_regs.o(.text)
    Clear_Status_Out                         0x08008f7d   Thumb Code    28  usb_regs.o(.text)
    Set_Status_Out                           0x08008f99   Thumb Code    32  usb_regs.o(.text)
    SetEPDoubleBuff                          0x08008fb9   Thumb Code    32  usb_regs.o(.text)
    ClearEPDoubleBuff                        0x08008fd9   Thumb Code    28  usb_regs.o(.text)
    GetTxStallStatus                         0x08008ff5   Thumb Code    28  usb_regs.o(.text)
    GetRxStallStatus                         0x08009011   Thumb Code    30  usb_regs.o(.text)
    ClearEP_CTR_RX                           0x0800902f   Thumb Code    32  usb_regs.o(.text)
    ClearEP_CTR_TX                           0x0800904f   Thumb Code    28  usb_regs.o(.text)
    ToggleDTOG_RX                            0x0800906b   Thumb Code    32  usb_regs.o(.text)
    ToggleDTOG_TX                            0x0800908b   Thumb Code    32  usb_regs.o(.text)
    ClearDTOG_RX                             0x080090ab   Thumb Code    46  usb_regs.o(.text)
    ClearDTOG_TX                             0x080090d9   Thumb Code    46  usb_regs.o(.text)
    SetEPAddress                             0x08009107   Thumb Code    32  usb_regs.o(.text)
    GetEPAddress                             0x08009127   Thumb Code    18  usb_regs.o(.text)
    SetEPTxAddr                              0x08009139   Thumb Code    26  usb_regs.o(.text)
    SetEPRxAddr                              0x08009153   Thumb Code    42  usb_regs.o(.text)
    GetEPTxAddr                              0x0800917d   Thumb Code    22  usb_regs.o(.text)
    GetEPRxAddr                              0x08009193   Thumb Code    24  usb_regs.o(.text)
    SetEPTxCount                             0x080091ab   Thumb Code    20  usb_regs.o(.text)
    SetEPCountRxReg                          0x080091bf   Thumb Code    48  usb_regs.o(.text)
    SetEPRxCount                             0x080091ef   Thumb Code    68  usb_regs.o(.text)
    GetEPTxCount                             0x08009233   Thumb Code    26  usb_regs.o(.text)
    GetEPRxCount                             0x0800924d   Thumb Code    26  usb_regs.o(.text)
    SetEPDblBuffAddr                         0x08009267   Thumb Code    44  usb_regs.o(.text)
    SetEPDblBuf0Addr                         0x08009293   Thumb Code    24  usb_regs.o(.text)
    SetEPDblBuf1Addr                         0x080092ab   Thumb Code    26  usb_regs.o(.text)
    GetEPDblBuf0Addr                         0x080092c5   Thumb Code    22  usb_regs.o(.text)
    GetEPDblBuf1Addr                         0x080092db   Thumb Code    24  usb_regs.o(.text)
    SetEPDblBuffCount                        0x080092f3   Thumb Code   186  usb_regs.o(.text)
    SetEPDblBuf0Count                        0x080093ad   Thumb Code    96  usb_regs.o(.text)
    SetEPDblBuf1Count                        0x0800940d   Thumb Code    96  usb_regs.o(.text)
    GetEPDblBuf0Count                        0x0800946d   Thumb Code    26  usb_regs.o(.text)
    GetEPDblBuf1Count                        0x08009487   Thumb Code    26  usb_regs.o(.text)
    GetEPDblBufDir                           0x080094a1   Thumb Code    62  usb_regs.o(.text)
    FreeUserBuffer                           0x080094df   Thumb Code    74  usb_regs.o(.text)
    ToWord                                   0x08009529   Thumb Code     8  usb_regs.o(.text)
    ByteSwap                                 0x08009531   Thumb Code    12  usb_regs.o(.text)
    __aeabi_memset                           0x08009549   Thumb Code    14  memseta.o(.text)
    __aeabi_memset4                          0x08009549   Thumb Code     0  memseta.o(.text)
    __aeabi_memset8                          0x08009549   Thumb Code     0  memseta.o(.text)
    __aeabi_memclr                           0x08009557   Thumb Code     4  memseta.o(.text)
    __aeabi_memclr4                          0x08009557   Thumb Code     0  memseta.o(.text)
    __aeabi_memclr8                          0x08009557   Thumb Code     0  memseta.o(.text)
    _memset$wrapper                          0x0800955b   Thumb Code    18  memseta.o(.text)
    __aeabi_fadd                             0x0800956d   Thumb Code   164  fadd.o(.text)
    __aeabi_fsub                             0x08009611   Thumb Code     6  fadd.o(.text)
    __aeabi_frsub                            0x08009617   Thumb Code     6  fadd.o(.text)
    __aeabi_fmul                             0x0800961d   Thumb Code   100  fmul.o(.text)
    __aeabi_dadd                             0x08009681   Thumb Code   322  dadd.o(.text)
    __aeabi_dsub                             0x080097c3   Thumb Code     6  dadd.o(.text)
    __aeabi_drsub                            0x080097c9   Thumb Code     6  dadd.o(.text)
    __aeabi_dmul                             0x080097cf   Thumb Code   228  dmul.o(.text)
    __aeabi_ddiv                             0x080098b3   Thumb Code   222  ddiv.o(.text)
    __aeabi_i2f                              0x08009991   Thumb Code    18  fflti.o(.text)
    __aeabi_ui2f                             0x080099a3   Thumb Code    10  ffltui.o(.text)
    __aeabi_i2d                              0x080099ad   Thumb Code    34  dflti.o(.text)
    __aeabi_ui2d                             0x080099cf   Thumb Code    26  dfltui.o(.text)
    __aeabi_f2iz                             0x080099e9   Thumb Code    50  ffixi.o(.text)
    __aeabi_d2iz                             0x08009a1b   Thumb Code    62  dfixi.o(.text)
    __aeabi_d2uiz                            0x08009a59   Thumb Code    50  dfixui.o(.text)
    __aeabi_f2d                              0x08009a8b   Thumb Code    38  f2d.o(.text)
    __aeabi_d2f                              0x08009ab1   Thumb Code    56  d2f.o(.text)
    __aeabi_cfrcmple                         0x08009ae9   Thumb Code    20  cfrcmple.o(.text)
    __aeabi_uldivmod                         0x08009afd   Thumb Code    98  uldiv.o(.text)
    __aeabi_llsl                             0x08009b5f   Thumb Code    30  llshl.o(.text)
    _ll_shift_l                              0x08009b5f   Thumb Code     0  llshl.o(.text)
    __aeabi_llsr                             0x08009b7d   Thumb Code    32  llushr.o(.text)
    _ll_ushift_r                             0x08009b7d   Thumb Code     0  llushr.o(.text)
    __aeabi_lasr                             0x08009b9d   Thumb Code    36  llsshr.o(.text)
    _ll_sshift_r                             0x08009b9d   Thumb Code     0  llsshr.o(.text)
    __I$use$fp                               0x08009bc1   Thumb Code     0  iusefp.o(.text)
    _float_round                             0x08009bc1   Thumb Code    18  fepilogue.o(.text)
    _float_epilogue                          0x08009bd3   Thumb Code    92  fepilogue.o(.text)
    _double_round                            0x08009c2f   Thumb Code    30  depilogue.o(.text)
    _double_epilogue                         0x08009c4d   Thumb Code   156  depilogue.o(.text)
    __ARM_scalbn                             0x08009ce9   Thumb Code    46  dscalb.o(.text)
    scalbn                                   0x08009ce9   Thumb Code     0  dscalb.o(.text)
    __aeabi_cdrcmple                         0x08009d19   Thumb Code    48  cdrcmple.o(.text)
    __scatterload                            0x08009d49   Thumb Code    28  init.o(.text)
    __scatterload_rt2                        0x08009d49   Thumb Code     0  init.o(.text)
    _dsqrt                                   0x08009d6d   Thumb Code   162  dsqrt.o(.text)
    __decompress                             0x08009e0f   Thumb Code     0  __dczerorl2.o(.text)
    __decompress1                            0x08009e0f   Thumb Code    86  __dczerorl2.o(.text)
    __0printf$5                              0x08009e65   Thumb Code    22  printf5.o(i.__0printf$5)
    __1printf$5                              0x08009e65   Thumb Code     0  printf5.o(i.__0printf$5)
    __2printf                                0x08009e65   Thumb Code     0  printf5.o(i.__0printf$5)
    __ARM_fpclassify                         0x08009e85   Thumb Code    40  fpclassify.o(i.__ARM_fpclassify)
    __ieee754_rem_pio2                       0x08009ead   Thumb Code   828  rred.o(i.__ieee754_rem_pio2)
    __kernel_cos                             0x0800a235   Thumb Code   230  cos_i.o(i.__kernel_cos)
    __kernel_poly                            0x0800a331   Thumb Code   170  poly.o(i.__kernel_poly)
    __kernel_sin                             0x0800a3dd   Thumb Code   224  sin_i.o(i.__kernel_sin)
    __mathlib_dbl_divzero                    0x0800a4c9   Thumb Code    12  dunder.o(i.__mathlib_dbl_divzero)
    __mathlib_dbl_infnan                     0x0800a4d9   Thumb Code     6  dunder.o(i.__mathlib_dbl_infnan)
    __mathlib_dbl_infnan2                    0x0800a4df   Thumb Code     4  dunder.o(i.__mathlib_dbl_infnan2)
    __mathlib_dbl_invalid                    0x0800a4e3   Thumb Code    12  dunder.o(i.__mathlib_dbl_invalid)
    __mathlib_dbl_overflow                   0x0800a4ef   Thumb Code    14  dunder.o(i.__mathlib_dbl_overflow)
    __mathlib_dbl_underflow                  0x0800a4fd   Thumb Code    10  dunder.o(i.__mathlib_dbl_underflow)
    __scatterload_copy                       0x0800a50d   Thumb Code    14  handlers.o(i.__scatterload_copy)
    __scatterload_null                       0x0800a51b   Thumb Code     2  handlers.o(i.__scatterload_null)
    __scatterload_zeroinit                   0x0800a51d   Thumb Code    14  handlers.o(i.__scatterload_zeroinit)
    __set_errno                              0x0800a52d   Thumb Code     6  errno.o(i.__set_errno)
    pow                                      0x0800a7f9   Thumb Code  2512  pow.o(i.pow)
    sin                                      0x0800b1d1   Thumb Code   150  sin.o(i.sin)
    sqrt                                     0x0800b271   Thumb Code    76  sqrt.o(i.sqrt)
    Virtual_Com_Port_DeviceDescriptor        0x0800b2bc   Data          18  usb_desc.o(.constdata)
    Virtual_Com_Port_ConfigDescriptor        0x0800b2ce   Data          67  usb_desc.o(.constdata)
    Virtual_Com_Port_StringLangID            0x0800b311   Data           4  usb_desc.o(.constdata)
    Virtual_Com_Port_StringVendor            0x0800b315   Data          38  usb_desc.o(.constdata)
    Virtual_Com_Port_StringProduct           0x0800b33b   Data          50  usb_desc.o(.constdata)
    OSCfg_IdleTaskStkBasePtr                 0x0800b370   Data           4  os_cfg_app.o(.constdata)
    OSCfg_IdleTaskStkLimit                   0x0800b374   Data           4  os_cfg_app.o(.constdata)
    OSCfg_IdleTaskStkSize                    0x0800b378   Data           4  os_cfg_app.o(.constdata)
    OSCfg_IdleTaskStkSizeRAM                 0x0800b37c   Data           4  os_cfg_app.o(.constdata)
    OSCfg_IntQBasePtr                        0x0800b380   Data           4  os_cfg_app.o(.constdata)
    OSCfg_IntQSize                           0x0800b384   Data           2  os_cfg_app.o(.constdata)
    OSCfg_IntQSizeRAM                        0x0800b388   Data           4  os_cfg_app.o(.constdata)
    OSCfg_IntQTaskStkBasePtr                 0x0800b38c   Data           4  os_cfg_app.o(.constdata)
    OSCfg_IntQTaskStkLimit                   0x0800b390   Data           4  os_cfg_app.o(.constdata)
    OSCfg_IntQTaskStkSize                    0x0800b394   Data           4  os_cfg_app.o(.constdata)
    OSCfg_IntQTaskStkSizeRAM                 0x0800b398   Data           4  os_cfg_app.o(.constdata)
    OSCfg_ISRStkBasePtr                      0x0800b39c   Data           4  os_cfg_app.o(.constdata)
    OSCfg_ISRStkSize                         0x0800b3a0   Data           4  os_cfg_app.o(.constdata)
    OSCfg_ISRStkSizeRAM                      0x0800b3a4   Data           4  os_cfg_app.o(.constdata)
    OSCfg_MsgPoolSize                        0x0800b3a8   Data           2  os_cfg_app.o(.constdata)
    OSCfg_MsgPoolSizeRAM                     0x0800b3ac   Data           4  os_cfg_app.o(.constdata)
    OSCfg_MsgPoolBasePtr                     0x0800b3b0   Data           4  os_cfg_app.o(.constdata)
    OSCfg_StatTaskPrio                       0x0800b3b4   Data           1  os_cfg_app.o(.constdata)
    OSCfg_StatTaskRate_Hz                    0x0800b3b8   Data           4  os_cfg_app.o(.constdata)
    OSCfg_StatTaskStkBasePtr                 0x0800b3bc   Data           4  os_cfg_app.o(.constdata)
    OSCfg_StatTaskStkLimit                   0x0800b3c0   Data           4  os_cfg_app.o(.constdata)
    OSCfg_StatTaskStkSize                    0x0800b3c4   Data           4  os_cfg_app.o(.constdata)
    OSCfg_StatTaskStkSizeRAM                 0x0800b3c8   Data           4  os_cfg_app.o(.constdata)
    OSCfg_StkSizeMin                         0x0800b3cc   Data           4  os_cfg_app.o(.constdata)
    OSCfg_TickRate_Hz                        0x0800b3d0   Data           4  os_cfg_app.o(.constdata)
    OSCfg_TickTaskPrio                       0x0800b3d4   Data           1  os_cfg_app.o(.constdata)
    OSCfg_TickTaskStkBasePtr                 0x0800b3d8   Data           4  os_cfg_app.o(.constdata)
    OSCfg_TickTaskStkLimit                   0x0800b3dc   Data           4  os_cfg_app.o(.constdata)
    OSCfg_TickTaskStkSize                    0x0800b3e0   Data           4  os_cfg_app.o(.constdata)
    OSCfg_TickTaskStkSizeRAM                 0x0800b3e4   Data           4  os_cfg_app.o(.constdata)
    OSCfg_TickWheelSize                      0x0800b3e8   Data           2  os_cfg_app.o(.constdata)
    OSCfg_TickWheelSizeRAM                   0x0800b3ec   Data           4  os_cfg_app.o(.constdata)
    OSCfg_TmrTaskPrio                        0x0800b3f0   Data           1  os_cfg_app.o(.constdata)
    OSCfg_TmrTaskRate_Hz                     0x0800b3f4   Data           4  os_cfg_app.o(.constdata)
    OSCfg_TmrTaskStkBasePtr                  0x0800b3f8   Data           4  os_cfg_app.o(.constdata)
    OSCfg_TmrTaskStkLimit                    0x0800b3fc   Data           4  os_cfg_app.o(.constdata)
    OSCfg_TmrTaskStkSize                     0x0800b400   Data           4  os_cfg_app.o(.constdata)
    OSCfg_TmrTaskStkSizeRAM                  0x0800b404   Data           4  os_cfg_app.o(.constdata)
    OSCfg_TmrWheelSize                       0x0800b408   Data           2  os_cfg_app.o(.constdata)
    OSCfg_TmrWheelSizeRAM                    0x0800b40c   Data           4  os_cfg_app.o(.constdata)
    OSCfg_DataSizeRAM                        0x0800b410   Data           4  os_cfg_app.o(.constdata)
    OSDbg_DbgEn                              0x0800b414   Data           2  os_dbg.o(.constdata)
    OSDbg_ArgChkEn                           0x0800b416   Data           1  os_dbg.o(.constdata)
    OSDbg_AppHooksEn                         0x0800b417   Data           1  os_dbg.o(.constdata)
    OSDbg_EndiannessTest                     0x0800b418   Data           4  os_dbg.o(.constdata)
    OSDbg_CalledFromISRChkEn                 0x0800b41c   Data           1  os_dbg.o(.constdata)
    OSDbg_FlagEn                             0x0800b41d   Data           1  os_dbg.o(.constdata)
    OSDbg_FlagGrp                            0x0800b420   Data          40  os_dbg.o(.constdata)
    OSDbg_FlagDelEn                          0x0800b448   Data           1  os_dbg.o(.constdata)
    OSDbg_FlagModeClrEn                      0x0800b449   Data           1  os_dbg.o(.constdata)
    OSDbg_FlagPendAbortEn                    0x0800b44a   Data           1  os_dbg.o(.constdata)
    OSDbg_FlagGrpSize                        0x0800b44c   Data           2  os_dbg.o(.constdata)
    OSDbg_FlagWidth                          0x0800b44e   Data           2  os_dbg.o(.constdata)
    OSDbg_IntQ                               0x0800b450   Data           2  os_dbg.o(.constdata)
    OSDbg_ISRPostDeferredEn                  0x0800b452   Data           1  os_dbg.o(.constdata)
    OSDbg_Mem                                0x0800b454   Data          32  os_dbg.o(.constdata)
    OSDbg_MemEn                              0x0800b474   Data           1  os_dbg.o(.constdata)
    OSDbg_MemSize                            0x0800b476   Data           2  os_dbg.o(.constdata)
    OSDbg_MsgEn                              0x0800b478   Data           1  os_dbg.o(.constdata)
    OSDbg_MsgSize                            0x0800b47a   Data           2  os_dbg.o(.constdata)
    OSDbg_MsgPoolSize                        0x0800b47c   Data           2  os_dbg.o(.constdata)
    OSDbg_MsgQSize                           0x0800b47e   Data           2  os_dbg.o(.constdata)
    OSDbg_Mutex                              0x0800b480   Data          44  os_dbg.o(.constdata)
    OSDbg_MutexEn                            0x0800b4ac   Data           1  os_dbg.o(.constdata)
    OSDbg_MutexDelEn                         0x0800b4ad   Data           1  os_dbg.o(.constdata)
    OSDbg_MutexPendAbortEn                   0x0800b4ae   Data           1  os_dbg.o(.constdata)
    OSDbg_MutexSize                          0x0800b4b0   Data           2  os_dbg.o(.constdata)
    OSDbg_ObjTypeChkEn                       0x0800b4b2   Data           1  os_dbg.o(.constdata)
    OSDbg_PendMultiEn                        0x0800b4b3   Data           1  os_dbg.o(.constdata)
    OSDbg_PendDataSize                       0x0800b4b4   Data           2  os_dbg.o(.constdata)
    OSDbg_PendListSize                       0x0800b4b6   Data           2  os_dbg.o(.constdata)
    OSDbg_PendObjSize                        0x0800b4b8   Data           2  os_dbg.o(.constdata)
    OSDbg_PrioMax                            0x0800b4ba   Data           2  os_dbg.o(.constdata)
    OSDbg_PrioTblSize                        0x0800b4bc   Data           2  os_dbg.o(.constdata)
    OSDbg_PtrSize                            0x0800b4be   Data           2  os_dbg.o(.constdata)
    OSDbg_Q                                  0x0800b4c0   Data          48  os_dbg.o(.constdata)
    OSDbg_QEn                                0x0800b4f0   Data           1  os_dbg.o(.constdata)
    OSDbg_QDelEn                             0x0800b4f1   Data           1  os_dbg.o(.constdata)
    OSDbg_QFlushEn                           0x0800b4f2   Data           1  os_dbg.o(.constdata)
    OSDbg_QPendAbortEn                       0x0800b4f3   Data           1  os_dbg.o(.constdata)
    OSDbg_QSize                              0x0800b4f4   Data           2  os_dbg.o(.constdata)
    OSDbg_SchedRoundRobinEn                  0x0800b4f6   Data           1  os_dbg.o(.constdata)
    OSDbg_Sem                                0x0800b4f8   Data          40  os_dbg.o(.constdata)
    OSDbg_SemEn                              0x0800b520   Data           1  os_dbg.o(.constdata)
    OSDbg_SemDelEn                           0x0800b521   Data           1  os_dbg.o(.constdata)
    OSDbg_SemPendAbortEn                     0x0800b522   Data           1  os_dbg.o(.constdata)
    OSDbg_SemSetEn                           0x0800b523   Data           1  os_dbg.o(.constdata)
    OSDbg_SemSize                            0x0800b524   Data           2  os_dbg.o(.constdata)
    OSDbg_RdyList                            0x0800b526   Data           2  os_dbg.o(.constdata)
    OSDbg_RdyListSize                        0x0800b528   Data           4  os_dbg.o(.constdata)
    OSDbg_StkWidth                           0x0800b52c   Data           1  os_dbg.o(.constdata)
    OSDbg_StatTaskEn                         0x0800b52d   Data           1  os_dbg.o(.constdata)
    OSDbg_StatTaskStkChkEn                   0x0800b52e   Data           1  os_dbg.o(.constdata)
    OSDbg_TaskChangePrioEn                   0x0800b52f   Data           1  os_dbg.o(.constdata)
    OSDbg_TaskDelEn                          0x0800b530   Data           1  os_dbg.o(.constdata)
    OSDbg_TaskQEn                            0x0800b531   Data           1  os_dbg.o(.constdata)
    OSDbg_TaskQPendAbortEn                   0x0800b532   Data           1  os_dbg.o(.constdata)
    OSDbg_TaskProfileEn                      0x0800b533   Data           1  os_dbg.o(.constdata)
    OSDbg_TaskRegTblSize                     0x0800b534   Data           2  os_dbg.o(.constdata)
    OSDbg_TaskSemPendAbortEn                 0x0800b536   Data           1  os_dbg.o(.constdata)
    OSDbg_TaskSuspendEn                      0x0800b537   Data           1  os_dbg.o(.constdata)
    OSDbg_TCBSize                            0x0800b538   Data           2  os_dbg.o(.constdata)
    OSDbg_TickSpokeSize                      0x0800b53a   Data           2  os_dbg.o(.constdata)
    OSDbg_TimeDlyHMSMEn                      0x0800b53c   Data           1  os_dbg.o(.constdata)
    OSDbg_TimeDlyResumeEn                    0x0800b53d   Data           1  os_dbg.o(.constdata)
    OSDbg_Tmr                                0x0800b540   Data          52  os_dbg.o(.constdata)
    OSDbg_TmrEn                              0x0800b574   Data           1  os_dbg.o(.constdata)
    OSDbg_TmrDelEn                           0x0800b575   Data           1  os_dbg.o(.constdata)
    OSDbg_TmrSize                            0x0800b576   Data           2  os_dbg.o(.constdata)
    OSDbg_TmrSpokeSize                       0x0800b578   Data           2  os_dbg.o(.constdata)
    OSDbg_VersionNbr                         0x0800b57a   Data           2  os_dbg.o(.constdata)
    OSDbg_DataSize                           0x0800b57c   Data           4  os_dbg.o(.constdata)
    __mathlib_zero                           0x0800b638   Data           8  qnan.o(.constdata)
    Region$$Table$$Base                      0x0800b730   Number         0  anon$$obj.o(Region$$Table)
    Region$$Table$$Limit                     0x0800b750   Number         0  anon$$obj.o(Region$$Table)
    Virtual_Com_Port_StringSerial            0x20000000   Data          26  usb_desc.o(.data)
    count_out                                0x2000001c   Data           4  usb_endp.o(.data)
    wIstr                                    0x20000020   Data           2  usb_istr.o(.data)
    bIntPackSOF                              0x20000022   Data           1  usb_istr.o(.data)
    pEpInt_IN                                0x20000024   Data          28  usb_istr.o(.data)
    pEpInt_OUT                               0x20000040   Data          28  usb_istr.o(.data)
    Request                                  0x2000005c   Data           1  usb_prop.o(.data)
    linecoding                               0x20000060   Data           8  usb_prop.o(.data)
    Device_Table                             0x20000068   Data           2  usb_prop.o(.data)
    Device_Property                          0x2000006c   Data          48  usb_prop.o(.data)
    User_Standard_Requests                   0x2000009c   Data          36  usb_prop.o(.data)
    Device_Descriptor                        0x200000c0   Data           8  usb_prop.o(.data)
    Config_Descriptor                        0x200000c8   Data           8  usb_prop.o(.data)
    String_Descriptor                        0x200000d0   Data          32  usb_prop.o(.data)
    bDeviceState                             0x200000f0   Data           4  usb_pwr.o(.data)
    fSuspendEnabled                          0x200000f4   Data           1  usb_pwr.o(.data)
    ResumeS                                  0x200000f5   Data           2  usb_pwr.o(.data)
    g_displayNumTable                        0x200000f7   Data          10  display.o(.data)
    SetTime                                  0x20000108   Data           7  ds3231.o(.data)
    GetTime                                  0x2000010f   Data           7  ds3231.o(.data)
    Alarm                                    0x20000116   Data           7  ds3231.o(.data)
    cnt                                      0x2000011d   Data           1  usart2.o(.data)
    RGB_Msg                                  0x20000120   Data           5  ws2812b.o(.data)
    RainBowstate                             0x20000125   Data           6  ws2812b.o(.data)
    Ruse                                     0x2000012c   Data           4  ws2812b.o(.data)
    Guse                                     0x20000130   Data           4  ws2812b.o(.data)
    Buse                                     0x20000134   Data           4  ws2812b.o(.data)
    SHT20                                    0x2000013c   Data           8  sht2x.o(.data)
    TM1803_RGB                               0x20000144   Data           6  tm1803.o(.data)
    VirtAddVarTab                            0x2000014c   Data         114  eeprom.o(.data)
    DataVar                                  0x200001be   Data           2  eeprom.o(.data)
    CurWrAddress                             0x200001c0   Data           4  eeprom.o(.data)
    SystemCoreClock                          0x200001d8   Data           4  system_stm32f10x.o(.data)
    AHBPrescTable                            0x200001dc   Data          16  system_stm32f10x.o(.data)
    OSPrioTbl                                0x200001ec   Data           4  os_prio.o(.data)
    OSIdleTaskCtr                            0x200001f0   Data           4  os_var.o(.data)
    OSIntNestingCtr                          0x200001f4   Data           1  os_var.o(.data)
    OSRunning                                0x200001f5   Data           1  os_var.o(.data)
    OSIntQInPtr                              0x200001f8   Data           4  os_var.o(.data)
    OSIntQOutPtr                             0x200001fc   Data           4  os_var.o(.data)
    OSIntQNbrEntries                         0x20000200   Data           2  os_var.o(.data)
    OSIntQMaxNbrEntries                      0x20000202   Data           2  os_var.o(.data)
    OSIntQOvfCtr                             0x20000204   Data           2  os_var.o(.data)
    OSIntQTaskTimeMax                        0x20000208   Data           4  os_var.o(.data)
    OSMemDbgListPtr                          0x2000020c   Data           4  os_var.o(.data)
    OSMemQty                                 0x20000210   Data           2  os_var.o(.data)
    OSMsgPool                                0x20000214   Data           8  os_var.o(.data)
    OSPrioCur                                0x2000021c   Data           1  os_var.o(.data)
    OSPrioHighRdy                            0x2000021d   Data           1  os_var.o(.data)
    OSPrioSaved                              0x2000021e   Data           1  os_var.o(.data)
    OSSchedLockNestingCtr                    0x2000021f   Data           1  os_var.o(.data)
    OSSchedRoundRobinDfltTimeQuanta          0x20000220   Data           4  os_var.o(.data)
    OSSchedRoundRobinEn                      0x20000224   Data           1  os_var.o(.data)
    OSStatTaskCPUUsage                       0x20000225   Data           1  os_var.o(.data)
    OSStatTaskCtr                            0x20000228   Data           4  os_var.o(.data)
    OSStatTaskCtrMax                         0x2000022c   Data           4  os_var.o(.data)
    OSStatTaskCtrRun                         0x20000230   Data           4  os_var.o(.data)
    OSStatTaskRdy                            0x20000234   Data           1  os_var.o(.data)
    OSStatTaskTimeMax                        0x20000238   Data           4  os_var.o(.data)
    OSStatResetFlag                          0x2000023c   Data           1  os_var.o(.data)
    OSTaskCtxSwCtr                           0x20000240   Data           4  os_var.o(.data)
    OSTaskDbgListPtr                         0x20000244   Data           4  os_var.o(.data)
    OSTaskQty                                0x20000248   Data           2  os_var.o(.data)
    OSTickCtr                                0x2000024c   Data           4  os_var.o(.data)
    OSTickTaskTimeMax                        0x20000250   Data           4  os_var.o(.data)
    OSTCBCurPtr                              0x20000254   Data           4  os_var.o(.data)
    OSTCBHighRdyPtr                          0x20000258   Data           4  os_var.o(.data)
    OS_CPU_ExceptStkBase                     0x2000025c   Data           4  os_cpu_c.o(.data)
    StatusInfo                               0x20000260   Data           2  usb_core.o(.data)
    Data_Mul_MaxPacketSize                   0x20000262   Data           1  usb_core.o(.data)
    EPindex                                  0x20000264   Data           1  usb_init.o(.data)
    pInformation                             0x20000268   Data           4  usb_init.o(.data)
    pProperty                                0x2000026c   Data           4  usb_init.o(.data)
    SaveState                                0x20000270   Data           2  usb_init.o(.data)
    wInterrupt_Mask                          0x20000272   Data           2  usb_init.o(.data)
    pUser_Standard_Requests                  0x20000274   Data           4  usb_init.o(.data)
    SaveRState                               0x20000278   Data           2  usb_int.o(.data)
    SaveTState                               0x2000027a   Data           2  usb_int.o(.data)
    __stdout                                 0x2000027c   Data           4  stdout.o(.data)
    StartUp_TCB                              0x20000284   Data         120  main.o(.bss)
    StartUp_Stk                              0x200002fc   Data         512  main.o(.bss)
    buffer_out                               0x200004fc   Data          64  usb_endp.o(.bss)
    test                                     0x20000a30   Data         256  usart2.o(.bss)
    GammaLUT                                 0x20000b30   Data         256  ws2812b.o(.bss)
    WS2812_RGB                               0x20000c30   Data          18  ws2812b.o(.bss)
    RcdMAX_RGB                               0x20000c42   Data          18  ws2812b.o(.bss)
    OSCfg_IdleTaskStk                        0x20000c6c   Data         512  os_cfg_app.o(.bss)
    OSCfg_IntQ                               0x20000e6c   Data         320  os_cfg_app.o(.bss)
    OSCfg_IntQTaskStk                        0x20000fac   Data         512  os_cfg_app.o(.bss)
    OSCfg_ISRStk                             0x200011ac   Data         512  os_cfg_app.o(.bss)
    OSCfg_StatTaskStk                        0x200013ac   Data         512  os_cfg_app.o(.bss)
    OSCfg_TickTaskStk                        0x200015ac   Data         512  os_cfg_app.o(.bss)
    OSCfg_TickWheel                          0x200017ac   Data         104  os_cfg_app.o(.bss)
    OSIdleTaskTCB                            0x20001814   Data         120  os_var.o(.bss)
    OSIntQTaskTCB                            0x2000188c   Data         120  os_var.o(.bss)
    OSRdyList                                0x20001904   Data          96  os_var.o(.bss)
    OSStatTaskTCB                            0x20001964   Data         120  os_var.o(.bss)
    OSTickTaskTCB                            0x200019dc   Data         120  os_var.o(.bss)
    Device_Info                              0x20001a54   Data          28  usb_init.o(.bss)
    __initial_sp                             0x20002270   Data           0  startup_stm32f10x_hd.o(STACK)



==============================================================================

Memory Map of the image

  Image Entry point : 0x08000131

  Load Region LR_IROM1 (Base: 0x08000000, Size: 0x0000b9d4, Max: 0x00010000, ABSOLUTE, COMPRESSED[0x0000b86c])

    Execution Region ER_IROM1 (Exec base: 0x08000000, Load base: 0x08000000, Size: 0x0000b750, Max: 0x00010000, ABSOLUTE)

    Exec Addr    Load Addr    Size         Type   Attr      Idx    E Section Name        Object

    0x08000000   0x08000000   0x00000130   Data   RO          620    RESET               startup_stm32f10x_hd.o
    0x08000130   0x08000130   0x00000000   Code   RO         1409  * .ARM.Collect$$$$00000000  mc_w.l(entry.o)
    0x08000130   0x08000130   0x00000004   Code   RO         1746    .ARM.Collect$$$$00000001  mc_w.l(entry2.o)
    0x08000134   0x08000134   0x00000004   Code   RO         1749    .ARM.Collect$$$$00000004  mc_w.l(entry5.o)
    0x08000138   0x08000138   0x00000000   Code   RO         1751    .ARM.Collect$$$$00000008  mc_w.l(entry7b.o)
    0x08000138   0x08000138   0x00000000   Code   RO         1753    .ARM.Collect$$$$0000000A  mc_w.l(entry8b.o)
    0x08000138   0x08000138   0x00000008   Code   RO         1754    .ARM.Collect$$$$0000000B  mc_w.l(entry9a.o)
    0x08000140   0x08000140   0x00000000   Code   RO         1756    .ARM.Collect$$$$0000000D  mc_w.l(entry10a.o)
    0x08000140   0x08000140   0x00000000   Code   RO         1758    .ARM.Collect$$$$0000000F  mc_w.l(entry11a.o)
    0x08000140   0x08000140   0x00000004   Code   RO         1747    .ARM.Collect$$$$00002712  mc_w.l(entry2.o)
    0x08000144   0x08000144   0x00000060   Code   RO            1    .text               main.o
    0x080001a4   0x080001a4   0x00000104   Code   RO          217    .text               stm32f10x_it.o
    0x080002a8   0x080002a8   0x0000011c   Code   RO          229    .text               hw_config.o
    0x080003c4   0x080003c4   0x00000058   Code   RO          269    .text               usb_endp.o
    0x0800041c   0x0800041c   0x00000074   Code   RO          288    .text               usb_istr.o
    0x08000490   0x08000490   0x00000258   Code   RO          306    .text               usb_prop.o
    0x080006e8   0x080006e8   0x00000148   Code   RO          329    .text               usb_pwr.o
    0x08000830   0x08000830   0x00000170   Code   RO          347    .text               app.o
    0x080009a0   0x080009a0   0x00000358   Code   RO          362    .text               display.o
    0x08000cf8   0x08000cf8   0x000000f4   Code   RO          377    .text               bsp.o
    0x08000dec   0x08000dec   0x000000a4   Code   RO          393    .text               systick.o
    0x08000e90   0x08000e90   0x00000038   Code   RO          411    .text               led.o
    0x08000ec8   0x08000ec8   0x00000228   Code   RO          423    .text               ds3231.o
    0x080010f0   0x080010f0   0x000002dc   Code   RO          441    .text               i2c.o
    0x080013cc   0x080013cc   0x00000130   Code   RO          453    .text               usart1.o
    0x080014fc   0x080014fc   0x000000bc   Code   RO          465    .text               usart2.o
    0x080015b8   0x080015b8   0x00000104   Code   RO          481    .text               beep.o
    0x080016bc   0x080016bc   0x0000077c   Code   RO          493    .text               ws2812b.o
    0x08001e38   0x08001e38   0x000001cc   Code   RO          516    .text               sht2x.o
    0x08002004   0x08002004   0x000001b8   Code   RO          534    .text               tm1803.o
    0x080021bc   0x080021bc   0x000004dc   Code   RO          552    .text               eeprom.o
    0x08002698   0x08002698   0x00000118   Code   RO          570    .text               74hc595.o
    0x080027b0   0x080027b0   0x00000068   Code   RO          582    .text               power.o
    0x08002818   0x08002818   0x000000a0   Code   RO          606    .text               esp8266.o
    0x080028b8   0x080028b8   0x00000024   Code   RO          621    .text               startup_stm32f10x_hd.o
    0x080028dc   0x080028dc   0x000000dc   Code   RO          626    .text               misc.o
    0x080029b8   0x080029b8   0x0000011c   Code   RO          752    .text               stm32f10x_exti.o
    0x08002ad4   0x08002ad4   0x000005bc   Code   RO          764    .text               stm32f10x_flash.o
    0x08003090   0x08003090   0x0000035c   Code   RO          791    .text               stm32f10x_gpio.o
    0x080033ec   0x080033ec   0x000003a4   Code   RO          845    .text               stm32f10x_rcc.o
    0x08003790   0x08003790   0x00000e1a   Code   RO          904    .text               stm32f10x_tim.o
    0x080045aa   0x080045aa   0x00000002   PAD
    0x080045ac   0x080045ac   0x00000408   Code   RO          916    .text               stm32f10x_usart.o
    0x080049b4   0x080049b4   0x000001e0   Code   RO          953    .text               system_stm32f10x.o
    0x08004b94   0x08004b94   0x000000b8   Code   RO          971    .text               os_cfg_app.o
    0x08004c4c   0x08004c4c   0x00000c84   Code   RO          991    .text               os_core.o
    0x080058d0   0x080058d0   0x0000012c   Code   RO         1003    .text               os_dbg.o
    0x080059fc   0x080059fc   0x00000368   Code   RO         1024    .text               os_int.o
    0x08005d64   0x08005d64   0x0000026c   Code   RO         1036    .text               os_mem.o
    0x08005fd0   0x08005fd0   0x0000007c   Code   RO         1066    .text               os_prio.o
    0x0800604c   0x0800604c   0x000002dc   Code   RO         1097    .text               os_stat.o
    0x08006328   0x08006328   0x00000f44   Code   RO         1109    .text               os_task.o
    0x0800726c   0x0800726c   0x000004b8   Code   RO         1121    .text               os_tick.o
    0x08007724   0x08007724   0x00000540   Code   RO         1133    .text               os_time.o
    0x08007c64   0x08007c64   0x00000084   Code   RO         1165    .text               os_cpu_a.o
    0x08007ce8   0x08007ce8   0x000000f0   Code   RO         1168    .text               os_cpu_c.o
    0x08007dd8   0x08007dd8   0x0000002a   Code   RO         1260    .text               cpu_a.o
    0x08007e02   0x08007e02   0x00000002   PAD
    0x08007e04   0x08007e04   0x00000b20   Code   RO         1305    .text               usb_core.o
    0x08008924   0x08008924   0x0000003c   Code   RO         1320    .text               usb_init.o
    0x08008960   0x08008960   0x000003d4   Code   RO         1343    .text               usb_int.o
    0x08008d34   0x08008d34   0x0000005c   Code   RO         1367    .text               usb_mem.o
    0x08008d90   0x08008d90   0x000007b8   Code   RO         1379    .text               usb_regs.o
    0x08009548   0x08009548   0x00000024   Code   RO         1412    .text               mc_w.l(memseta.o)
    0x0800956c   0x0800956c   0x000000b0   Code   RO         1675    .text               mf_w.l(fadd.o)
    0x0800961c   0x0800961c   0x00000064   Code   RO         1677    .text               mf_w.l(fmul.o)
    0x08009680   0x08009680   0x0000014e   Code   RO         1679    .text               mf_w.l(dadd.o)
    0x080097ce   0x080097ce   0x000000e4   Code   RO         1681    .text               mf_w.l(dmul.o)
    0x080098b2   0x080098b2   0x000000de   Code   RO         1683    .text               mf_w.l(ddiv.o)
    0x08009990   0x08009990   0x00000012   Code   RO         1685    .text               mf_w.l(fflti.o)
    0x080099a2   0x080099a2   0x0000000a   Code   RO         1687    .text               mf_w.l(ffltui.o)
    0x080099ac   0x080099ac   0x00000022   Code   RO         1689    .text               mf_w.l(dflti.o)
    0x080099ce   0x080099ce   0x0000001a   Code   RO         1691    .text               mf_w.l(dfltui.o)
    0x080099e8   0x080099e8   0x00000032   Code   RO         1693    .text               mf_w.l(ffixi.o)
    0x08009a1a   0x08009a1a   0x0000003e   Code   RO         1695    .text               mf_w.l(dfixi.o)
    0x08009a58   0x08009a58   0x00000032   Code   RO         1697    .text               mf_w.l(dfixui.o)
    0x08009a8a   0x08009a8a   0x00000026   Code   RO         1699    .text               mf_w.l(f2d.o)
    0x08009ab0   0x08009ab0   0x00000038   Code   RO         1701    .text               mf_w.l(d2f.o)
    0x08009ae8   0x08009ae8   0x00000014   Code   RO         1703    .text               mf_w.l(cfrcmple.o)
    0x08009afc   0x08009afc   0x00000062   Code   RO         1763    .text               mc_w.l(uldiv.o)
    0x08009b5e   0x08009b5e   0x0000001e   Code   RO         1765    .text               mc_w.l(llshl.o)
    0x08009b7c   0x08009b7c   0x00000020   Code   RO         1767    .text               mc_w.l(llushr.o)
    0x08009b9c   0x08009b9c   0x00000024   Code   RO         1769    .text               mc_w.l(llsshr.o)
    0x08009bc0   0x08009bc0   0x00000000   Code   RO         1778    .text               mc_w.l(iusefp.o)
    0x08009bc0   0x08009bc0   0x0000006e   Code   RO         1779    .text               mf_w.l(fepilogue.o)
    0x08009c2e   0x08009c2e   0x000000ba   Code   RO         1781    .text               mf_w.l(depilogue.o)
    0x08009ce8   0x08009ce8   0x0000002e   Code   RO         1783    .text               mf_w.l(dscalb.o)
    0x08009d16   0x08009d16   0x00000002   PAD
    0x08009d18   0x08009d18   0x00000030   Code   RO         1787    .text               mf_w.l(cdrcmple.o)
    0x08009d48   0x08009d48   0x00000024   Code   RO         1789    .text               mc_w.l(init.o)
    0x08009d6c   0x08009d6c   0x000000a2   Code   RO         1791    .text               mf_w.l(dsqrt.o)
    0x08009e0e   0x08009e0e   0x00000056   Code   RO         1803    .text               mc_w.l(__dczerorl2.o)
    0x08009e64   0x08009e64   0x00000020   Code   RO         1547    i.__0printf$5       mc_w.l(printf5.o)
    0x08009e84   0x08009e84   0x00000028   Code   RO         1722    i.__ARM_fpclassify  m_ws.l(fpclassify.o)
    0x08009eac   0x08009eac   0x00000388   Code   RO         1727    i.__ieee754_rem_pio2  m_ws.l(rred.o)
    0x0800a234   0x0800a234   0x000000fc   Code   RO         1705    i.__kernel_cos      m_ws.l(cos_i.o)
    0x0800a330   0x0800a330   0x000000aa   Code   RO         1724    i.__kernel_poly     m_ws.l(poly.o)
    0x0800a3da   0x0800a3da   0x00000002   PAD
    0x0800a3dc   0x0800a3dc   0x000000ec   Code   RO         1732    i.__kernel_sin      m_ws.l(sin_i.o)
    0x0800a4c8   0x0800a4c8   0x00000010   Code   RO         1708    i.__mathlib_dbl_divzero  m_ws.l(dunder.o)
    0x0800a4d8   0x0800a4d8   0x00000006   Code   RO         1709    i.__mathlib_dbl_infnan  m_ws.l(dunder.o)
    0x0800a4de   0x0800a4de   0x00000004   Code   RO         1710    i.__mathlib_dbl_infnan2  m_ws.l(dunder.o)
    0x0800a4e2   0x0800a4e2   0x0000000c   Code   RO         1711    i.__mathlib_dbl_invalid  m_ws.l(dunder.o)
    0x0800a4ee   0x0800a4ee   0x0000000e   Code   RO         1712    i.__mathlib_dbl_overflow  m_ws.l(dunder.o)
    0x0800a4fc   0x0800a4fc   0x00000010   Code   RO         1714    i.__mathlib_dbl_underflow  m_ws.l(dunder.o)
    0x0800a50c   0x0800a50c   0x0000000e   Code   RO         1797    i.__scatterload_copy  mc_w.l(handlers.o)
    0x0800a51a   0x0800a51a   0x00000002   Code   RO         1798    i.__scatterload_null  mc_w.l(handlers.o)
    0x0800a51c   0x0800a51c   0x0000000e   Code   RO         1799    i.__scatterload_zeroinit  mc_w.l(handlers.o)
    0x0800a52a   0x0800a52a   0x00000002   PAD
    0x0800a52c   0x0800a52c   0x0000000c   Code   RO         1773    i.__set_errno       mc_w.l(errno.o)
    0x0800a538   0x0800a538   0x000002c0   Code   RO         1554    i._printf_core      mc_w.l(printf5.o)
    0x0800a7f8   0x0800a7f8   0x000009d8   Code   RO         1392    i.pow               m_ws.l(pow.o)
    0x0800b1d0   0x0800b1d0   0x000000a0   Code   RO         1402    i.sin               m_ws.l(sin.o)
    0x0800b270   0x0800b270   0x0000004c   Code   RO         1739    i.sqrt              m_ws.l(sqrt.o)
    0x0800b2bc   0x0800b2bc   0x000000b1   Data   RO          256    .constdata          usb_desc.o
    0x0800b36d   0x0800b36d   0x00000003   PAD
    0x0800b370   0x0800b370   0x000000a4   Data   RO          973    .constdata          os_cfg_app.o
    0x0800b414   0x0800b414   0x0000016c   Data   RO         1004    .constdata          os_dbg.o
    0x0800b580   0x0800b580   0x00000088   Data   RO         1393    .constdata          m_ws.l(pow.o)
    0x0800b608   0x0800b608   0x00000030   Data   RO         1706    .constdata          m_ws.l(cos_i.o)
    0x0800b638   0x0800b638   0x00000008   Data   RO         1726    .constdata          m_ws.l(qnan.o)
    0x0800b640   0x0800b640   0x000000c8   Data   RO         1729    .constdata          m_ws.l(rred.o)
    0x0800b708   0x0800b708   0x00000028   Data   RO         1733    .constdata          m_ws.l(sin_i.o)
    0x0800b730   0x0800b730   0x00000020   Data   RO         1795    Region$$Table       anon$$obj.o


    Execution Region RW_IRAM1 (Exec base: 0x20000000, Load base: 0x0800b750, Size: 0x00002270, Max: 0x00005000, ABSOLUTE, COMPRESSED[0x0000011c])

    Exec Addr    Load Addr    Size         Type   Attr      Idx    E Section Name        Object

    0x20000000   COMPRESSED   0x0000001a   Data   RW          257    .data               usb_desc.o
    0x2000001a   COMPRESSED   0x00000002   PAD
    0x2000001c   COMPRESSED   0x00000004   Data   RW          271    .data               usb_endp.o
    0x20000020   COMPRESSED   0x0000003c   Data   RW          289    .data               usb_istr.o
    0x2000005c   COMPRESSED   0x00000094   Data   RW          307    .data               usb_prop.o
    0x200000f0   COMPRESSED   0x00000007   Data   RW          330    .data               usb_pwr.o
    0x200000f7   COMPRESSED   0x0000000b   Data   RW          363    .data               display.o
    0x20000102   COMPRESSED   0x00000002   PAD
    0x20000104   COMPRESSED   0x00000004   Data   RW          394    .data               systick.o
    0x20000108   COMPRESSED   0x00000015   Data   RW          424    .data               ds3231.o
    0x2000011d   COMPRESSED   0x00000001   Data   RW          467    .data               usart2.o
    0x2000011e   COMPRESSED   0x00000002   PAD
    0x20000120   COMPRESSED   0x00000019   Data   RW          495    .data               ws2812b.o
    0x20000139   COMPRESSED   0x00000003   PAD
    0x2000013c   COMPRESSED   0x00000008   Data   RW          517    .data               sht2x.o
    0x20000144   COMPRESSED   0x00000007   Data   RW          535    .data               tm1803.o
    0x2000014b   COMPRESSED   0x00000001   PAD
    0x2000014c   COMPRESSED   0x00000078   Data   RW          553    .data               eeprom.o
    0x200001c4   COMPRESSED   0x00000014   Data   RW          846    .data               stm32f10x_rcc.o
    0x200001d8   COMPRESSED   0x00000014   Data   RW          954    .data               system_stm32f10x.o
    0x200001ec   COMPRESSED   0x00000004   Data   RW         1067    .data               os_prio.o
    0x200001f0   COMPRESSED   0x0000006c   Data   RW         1152    .data               os_var.o
    0x2000025c   COMPRESSED   0x00000004   Data   RW         1169    .data               os_cpu_c.o
    0x20000260   COMPRESSED   0x00000003   Data   RW         1306    .data               usb_core.o
    0x20000263   COMPRESSED   0x00000001   PAD
    0x20000264   COMPRESSED   0x00000014   Data   RW         1322    .data               usb_init.o
    0x20000278   COMPRESSED   0x00000004   Data   RW         1344    .data               usb_int.o
    0x2000027c   COMPRESSED   0x00000004   Data   RW         1760    .data               mc_w.l(stdout.o)
    0x20000280   COMPRESSED   0x00000004   Data   RW         1774    .data               mc_w.l(errno.o)
    0x20000284        -       0x00000278   Zero   RW            2    .bss                main.o
    0x200004fc        -       0x00000040   Zero   RW          270    .bss                usb_endp.o
    0x2000053c   COMPRESSED   0x00000004   PAD
    0x20000540        -       0x000004f0   Zero   RW          348    .bss                app.o
    0x20000a30        -       0x00000100   Zero   RW          466    .bss                usart2.o
    0x20000b30        -       0x0000013c   Zero   RW          494    .bss                ws2812b.o
    0x20000c6c        -       0x00000ba8   Zero   RW          972    .bss                os_cfg_app.o
    0x20001814        -       0x00000240   Zero   RW         1151    .bss                os_var.o
    0x20001a54        -       0x0000001c   Zero   RW         1321    .bss                usb_init.o
    0x20001a70        -       0x00000800   Zero   RW          618    STACK               startup_stm32f10x_hd.o


==============================================================================

Image component sizes


      Code (inc. data)   RO Data    RW Data    ZI Data      Debug   Object Name

       280          4          0          0          0       1726   74hc595.o
       368         50          0          0       1264       1647   app.o
       260         22          0          0          0       1060   beep.o
       244          8          0          0          0      16224   bsp.o
        42          0          0          0          0        336   cpu_a.o
       856         22          0         11          0       2062   display.o
       552         70          0         21          0       4324   ds3231.o
      1244         40          0        120          0       5236   eeprom.o
       160          8          0          0          0       1064   esp8266.o
       284         20          0          0          0       3353   hw_config.o
       732          6          0          0          0       3599   i2c.o
        56          6          0          0          0        507   led.o
        96         20          0          0        632     299938   main.o
       220         22          0          0          0       1893   misc.o
       184        120        164          0       2984      18356   os_cfg_app.o
      3204        226          0          0          0      11890   os_core.o
       132         32          0          0          0        356   os_cpu_a.o
       240         18          0          4          0       3092   os_cpu_c.o
       300        198        364          0          0       4763   os_dbg.o
       872        124          0          0          0       2476   os_int.o
       620         26          0          0          0       2820   os_mem.o
       124          4          0          4          0       1820   os_prio.o
       732         96          0          0          0       2121   os_stat.o
      3908        170          0          0          0       8763   os_task.o
      1208         84          0          0          0       3253   os_tick.o
      1344         44          0          0          0       3309   os_time.o
         0          0          0        108        576      16667   os_var.o
       104          8          0          0          0        913   power.o
       460         28          0          8          0       2868   sht2x.o
        36          8        304          0       2048        908   startup_stm32f10x_hd.o
       284         10          0          0          0       2347   stm32f10x_exti.o
      1468         34          0          0          0       8294   stm32f10x_flash.o
       860         38          0          0          0       5821   stm32f10x_gpio.o
       260         16          0          0          0       1627   stm32f10x_it.o
       932         36          0         20          0       9036   stm32f10x_rcc.o
      3610         88          0          0          0      22932   stm32f10x_tim.o
      1032         22          0          0          0       8548   stm32f10x_usart.o
       480         38          0         20          0       1979   system_stm32f10x.o
       164         18          0          4          0      16777   systick.o
       440         12          0          7          0       2373   tm1803.o
       304          8          0          0          0       2046   usart1.o
       188         20          0          1        256       1379   usart2.o
      2848        112          0          3          0       8339   usb_core.o
         0          0        177         26          0       1163   usb_desc.o
        88         10          0          4         64       1518   usb_endp.o
        60         24          0         20         28       4386   usb_init.o
       980         32          0          4          0       1976   usb_int.o
       116         20          0         60          0       1380   usb_istr.o
        92          6          0          0          0       1574   usb_mem.o
       600         50          0        148          0       7567   usb_prop.o
       328         22          0          7          0       2773   usb_pwr.o
      1976         26          0          0          0      12085   usb_regs.o
      1916         86          0         25        316       5686   ws2812b.o

    ----------------------------------------------------------------------
     37892       2212       1044        636       8172     558950   Object Totals
         0          0         32          0          0          0   (incl. Generated)
         4          0          3         11          4          0   (incl. Padding)

    ----------------------------------------------------------------------

      Code (inc. data)   RO Data    RW Data    ZI Data      Debug   Library Member Name

       252         22         48          0          0        124   cos_i.o
        68         10          0          0          0        408   dunder.o
        40          0          0          0          0         68   fpclassify.o
       170          0          0          0          0         96   poly.o
      2520        190        136          0          0        324   pow.o
         0          0          8          0          0          0   qnan.o
       904         76        200          0          0        140   rred.o
       160         10          0          0          0        108   sin.o
       236         12         40          0          0        128   sin_i.o
        76          0          0          0          0         84   sqrt.o
        86          0          0          0          0          0   __dczerorl2.o
         0          0          0          0          0          0   entry.o
         0          0          0          0          0          0   entry10a.o
         0          0          0          0          0          0   entry11a.o
         8          4          0          0          0          0   entry2.o
         4          0          0          0          0          0   entry5.o
         0          0          0          0          0          0   entry7b.o
         0          0          0          0          0          0   entry8b.o
         8          4          0          0          0          0   entry9a.o
        12          6          0          4          0         68   errno.o
        30          0          0          0          0          0   handlers.o
        36          8          0          0          0         68   init.o
         0          0          0          0          0          0   iusefp.o
        30          0          0          0          0         68   llshl.o
        36          0          0          0          0         68   llsshr.o
        32          0          0          0          0         68   llushr.o
        36          0          0          0          0        108   memseta.o
       736         56          0          0          0        184   printf5.o
         0          0          0          4          0          0   stdout.o
        98          0          0          0          0         92   uldiv.o
        48          0          0          0          0         68   cdrcmple.o
        20          0          0          0          0         68   cfrcmple.o
        56          0          0          0          0         88   d2f.o
       334          0          0          0          0        148   dadd.o
       222          0          0          0          0        100   ddiv.o
       186          0          0          0          0        176   depilogue.o
        62          0          0          0          0         80   dfixi.o
        50          0          0          0          0         76   dfixui.o
        34          0          0          0          0         76   dflti.o
        26          0          0          0          0         76   dfltui.o
       228          0          0          0          0         96   dmul.o
        46          0          0          0          0         80   dscalb.o
       162          0          0          0          0        100   dsqrt.o
        38          0          0          0          0         68   f2d.o
       176          0          0          0          0        140   fadd.o
       110          0          0          0          0        168   fepilogue.o
        50          0          0          0          0         68   ffixi.o
        18          0          0          0          0         68   fflti.o
        10          0          0          0          0         68   ffltui.o
       100          0          0          0          0         76   fmul.o

    ----------------------------------------------------------------------
      7560        398        432          8          0       4092   Library Totals
         6          0          0          0          0          0   (incl. Padding)

    ----------------------------------------------------------------------

      Code (inc. data)   RO Data    RW Data    ZI Data      Debug   Library Name

      4426        320        432          0          0       1480   m_ws.l
      1152         78          0          8          0        724   mc_w.l
      1976          0          0          0          0       1888   mf_w.l

    ----------------------------------------------------------------------
      7560        398        432          8          0       4092   Library Totals

    ----------------------------------------------------------------------

==============================================================================


      Code (inc. data)   RO Data    RW Data    ZI Data      Debug   

     45452       2610       1476        644       8172     556566   Grand Totals
     45452       2610       1476        284       8172     556566   ELF Image Totals (compressed)
     45452       2610       1476        284          0          0   ROM Totals

==============================================================================

    Total RO  Size (Code + RO Data)                46928 (  45.83kB)
    Total RW  Size (RW Data + ZI Data)              8816 (   8.61kB)
    Total ROM Size (Code + RO Data + RW Data)      47212 (  46.11kB)

==============================================================================

